Component: ARM Compiler 5.06 update 7 (build 960) Tool: armlink [4d3601]

==============================================================================

Section Cross References

    startup_stm32l431xx.o(RESET) refers to startup_stm32l431xx.o(STACK) for __initial_sp
    startup_stm32l431xx.o(RESET) refers to startup_stm32l431xx.o(.text) for Reset_Handler
    startup_stm32l431xx.o(RESET) refers to stm32l4xx_it.o(i.NMI_Handler) for NMI_Handler
    startup_stm32l431xx.o(RESET) refers to stm32l4xx_it.o(i.HardFault_Handler) for HardFault_Handler
    startup_stm32l431xx.o(RESET) refers to stm32l4xx_it.o(i.MemManage_Handler) for MemManage_Handler
    startup_stm32l431xx.o(RESET) refers to stm32l4xx_it.o(i.BusFault_Handler) for BusFault_Handler
    startup_stm32l431xx.o(RESET) refers to stm32l4xx_it.o(i.UsageFault_Handler) for UsageFault_Handler
    startup_stm32l431xx.o(RESET) refers to stm32l4xx_it.o(i.SVC_Handler) for SVC_Handler
    startup_stm32l431xx.o(RESET) refers to stm32l4xx_it.o(i.DebugMon_Handler) for DebugMon_Handler
    startup_stm32l431xx.o(RESET) refers to stm32l4xx_it.o(i.PendSV_Handler) for PendSV_Handler
    startup_stm32l431xx.o(RESET) refers to stm32l4xx_it.o(i.SysTick_Handler) for SysTick_Handler
    startup_stm32l431xx.o(RESET) refers to stm32l4xx_it.o(i.RTC_WKUP_IRQHandler) for RTC_WKUP_IRQHandler
    startup_stm32l431xx.o(RESET) refers to stm32l4xx_it.o(i.EXTI0_IRQHandler) for EXTI0_IRQHandler
    startup_stm32l431xx.o(RESET) refers to usart.o(i.USART1_IRQHandler) for USART1_IRQHandler
    startup_stm32l431xx.o(.text) refers to system_stm32l4xx.o(i.SystemInit) for SystemInit
    startup_stm32l431xx.o(.text) refers to entry.o(.ARM.Collect$$$$00000000) for __main
    main.o(i.Enter_ShutDownMode) refers to stm32l4xx_hal_rtc_ex.o(i.HAL_RTCEx_DeactivateWakeUpTimer) for HAL_RTCEx_DeactivateWakeUpTimer
    main.o(i.Enter_ShutDownMode) refers to dfltui.o(.text) for __aeabi_ui2d
    main.o(i.Enter_ShutDownMode) refers to dmul.o(.text) for __aeabi_dmul
    main.o(i.Enter_ShutDownMode) refers to dadd.o(.text) for __aeabi_dsub
    main.o(i.Enter_ShutDownMode) refers to dfixui.o(.text) for __aeabi_d2uiz
    main.o(i.Enter_ShutDownMode) refers to stm32l4xx_hal_rtc_ex.o(i.HAL_RTCEx_SetWakeUpTimer_IT) for HAL_RTCEx_SetWakeUpTimer_IT
    main.o(i.Enter_ShutDownMode) refers to stm32l4xx_hal_pwr_ex.o(i.HAL_PWREx_EnterSHUTDOWNMode) for HAL_PWREx_EnterSHUTDOWNMode
    main.o(i.Enter_ShutDownMode) refers to rtc.o(.bss) for RTCHandle
    main.o(i.Enter_ShutDownMode) refers to main.o(.data) for RTC_SleepTime
    main.o(i.Handle_RFSendflag) refers to protocol.o(i.SendtoStation_sx1280_frame) for SendtoStation_sx1280_frame
    main.o(i.Handle_RFSendflag) refers to sx1280.o(i.SX1280ProcessIrqs) for SX1280ProcessIrqs
    main.o(i.Handle_RFSendflag) refers to sx1280_app.o(i.Process_Appstate_0) for Process_Appstate_0
    main.o(i.Handle_RFSendflag) refers to protocol.o(i.Handle_receiveStation_sx1280_frame) for Handle_receiveStation_sx1280_frame
    main.o(i.Handle_RFSendflag) refers to hw.o(i.HAL_Delay) for HAL_Delay
    main.o(i.Handle_RFSendflag) refers to random.o(i.Get_random) for Get_random
    main.o(i.Handle_RFSendflag) refers to flash.o(i.Write_flash_Parameter) for Write_flash_Parameter
    main.o(i.Handle_RFSendflag) refers to stm32l4xx_hal_rtc_ex.o(i.HAL_RTCEx_BKUPWrite) for HAL_RTCEx_BKUPWrite
    main.o(i.Handle_RFSendflag) refers to flash.o(i.Read_flash_Parameter) for Read_flash_Parameter
    main.o(i.Handle_RFSendflag) refers to sx1280_app.o(i.SX1280_Enter_LowPower) for SX1280_Enter_LowPower
    main.o(i.Handle_RFSendflag) refers to main.o(.data) for Send_BURST_Flag
    main.o(i.Handle_RFSendflag) refers to protocol.o(.constdata) for Frequency_list
    main.o(i.Handle_RFSendflag) refers to sx1280-hal.o(.constdata) for Radio
    main.o(i.Handle_RFSendflag) refers to sx1280.o(.data) for AppState
    main.o(i.Handle_RFSendflag) refers to sx1280_app.o(.data) for TxIrqMask
    main.o(i.Handle_RFSendflag) refers to main.o(.bss) for Buffer
    main.o(i.Handle_RFSendflag) refers to protocol.o(.data) for Offset_Delay
    main.o(i.Handle_RFSendflag) refers to rtc.o(.bss) for RTCHandle
    main.o(i.main) refers to hw.o(i.HwInit) for HwInit
    main.o(i.main) refers to flash.o(i.Read_flash_Parameter) for Read_flash_Parameter
    main.o(i.main) refers to iwdg.o(i.MX_IWDG_Init) for MX_IWDG_Init
    main.o(i.main) refers to sx1280_app.o(i.SX1280_Init) for SX1280_Init
    main.o(i.main) refers to rtc.o(i.RTC_Config) for RTC_Config
    main.o(i.main) refers to rtc.o(i.Handle_WakeUpSource) for Handle_WakeUpSource
    main.o(i.main) refers to adc.o(i.Battery_Voltage_Measure) for Battery_Voltage_Measure
    main.o(i.main) refers to main.o(i.Handle_RFSendflag) for Handle_RFSendflag
    main.o(i.main) refers to stm32l4xx_hal_iwdg.o(i.HAL_IWDG_Refresh) for HAL_IWDG_Refresh
    main.o(i.main) refers to main.o(i.Enter_ShutDownMode) for Enter_ShutDownMode
[...]
    i.__ARM_fpclassify                       0x08006a60   Section        0  fpclassify.o(i.__ARM_fpclassify)
    i.__NVIC_GetPriorityGrouping             0x08006a90   Section        0  stm32l4xx_hal_cortex.o(i.__NVIC_GetPriorityGrouping)
    __NVIC_GetPriorityGrouping               0x08006a91   Thumb Code    10  stm32l4xx_hal_cortex.o(i.__NVIC_GetPriorityGrouping)
    i.__NVIC_SetPriority                     0x08006aa0   Section        0  stm32l4xx_hal_cortex.o(i.__NVIC_SetPriority)
    __NVIC_SetPriority                       0x08006aa1   Thumb Code    32  stm32l4xx_hal_cortex.o(i.__NVIC_SetPriority)
    i.__hardfp_pow                           0x08006ac8   Section        0  pow.o(i.__hardfp_pow)
    i.__kernel_poly                          0x08007748   Section        0  poly.o(i.__kernel_poly)
    i.__mathlib_dbl_divzero                  0x08007840   Section        0  dunder.o(i.__mathlib_dbl_divzero)
    i.__mathlib_dbl_infnan2                  0x08007870   Section        0  dunder.o(i.__mathlib_dbl_infnan2)
    i.__mathlib_dbl_invalid                  0x08007888   Section        0  dunder.o(i.__mathlib_dbl_invalid)
    i.__mathlib_dbl_overflow                 0x080078a8   Section        0  dunder.o(i.__mathlib_dbl_overflow)
    i.__mathlib_dbl_underflow                0x080078c8   Section        0  dunder.o(i.__mathlib_dbl_underflow)
    i.__scatterload_copy                     0x080078e8   Section       14  handlers.o(i.__scatterload_copy)
    i.__scatterload_null                     0x080078f6   Section        2  handlers.o(i.__scatterload_null)
    i.__scatterload_zeroinit                 0x080078f8   Section       14  handlers.o(i.__scatterload_zeroinit)
    i.__set_errno                            0x08007908   Section        0  errno.o(i.__set_errno)
    i.fabs                                   0x08007914   Section        0  fabs.o(i.fabs)
    i.main                                   0x0800792c   Section        0  main.o(i.main)
    i.sqrt                                   0x080079b8   Section        0  sqrt.o(i.sqrt)
    .constdata                               0x08007a28   Section       72  system_stm32l4xx.o(.constdata)
    .constdata                               0x08007a70   Section        4  sx1280.o(.constdata)
    .constdata                               0x08007a74   Section      260  sx1280-hal.o(.constdata)
    .constdata                               0x08007b78   Section      632  protocol.o(.constdata)
    auchCRCHi                                0x08007bf0   Data         256  protocol.o(.constdata)
    auchCRCLo                                0x08007cf0   Data         256  protocol.o(.constdata)
    .constdata                               0x08007df0   Section      136  pow.o(.constdata)
    bp                                       0x08007df0   Data          16  pow.o(.constdata)
    dp_h                                     0x08007e00   Data          16  pow.o(.constdata)
    dp_l                                     0x08007e10   Data          16  pow.o(.constdata)
    L                                        0x08007e20   Data          48  pow.o(.constdata)
    P                                        0x08007e50   Data          40  pow.o(.constdata)
    .constdata                               0x08007e78   Section        8  qnan.o(.constdata)
    .data                                    0x20000000   Section       72  main.o(.data)
    .data                                    0x20000048   Section        4  stm32l4xx_hal.o(.data)
    .data                                    0x2000004c   Section       32  stm32l4xx_hal_flash.o(.data)
    .data                                    0x2000006c   Section        4  system_stm32l4xx.o(.data)
    .data                                    0x20000070   Section        7  usart.o(.data)
    .data                                    0x20000078   Section       15  adc.o(.data)
    .data                                    0x20000088   Section        8  rtc.o(.data)
    .data                                    0x20000090   Section       20  sx1280.o(.data)
    OperatingMode                            0x20000091   Data           1  sx1280.o(.data)
    PacketType                               0x20000092   Data           1  sx1280.o(.data)
    LoRaBandwidth                            0x20000093   Data           1  sx1280.o(.data)
    PollingMode                              0x20000094   Data           1  sx1280.o(.data)
    RadioCallbacks                           0x200000a0   Data           4  sx1280.o(.data)
    .data                                    0x200000a4   Section       29  protocol.o(.data)
    .data                                    0x200000c4   Section       84  sx1280_app.o(.data)
    RadioCallbacks                           0x200000f0   Data           4  sx1280_app.o(.data)
    .data                                    0x20000118   Section        4  errno.o(.data)
    _errno                                   0x20000118   Data           4  errno.o(.data)
    .bss                                     0x2000011c   Section      104  main.o(.bss)
    .bss                                     0x20000184   Section      144  stm32l4xx_hal_msp.o(.bss)
    hdma_tx                                  0x20000184   Data          72  stm32l4xx_hal_msp.o(.bss)
    hdma_rx                                  0x200001cc   Data          72  stm32l4xx_hal_msp.o(.bss)
    .bss                                     0x20000214   Section       64  hw-gpio.o(.bss)
    GpioIrq                                  0x20000214   Data          64  hw-gpio.o(.bss)
    .bss                                     0x20000254   Section      100  hw-spi.o(.bss)
    .bss                                     0x200002b8   Section      620  usart.o(.bss)
    .bss                                     0x20000524   Section      104  adc.o(.bss)
    .bss                                     0x2000058c   Section       36  rtc.o(.bss)
    .bss                                     0x200005b0   Section       16  random.o(.bss)
    .bss                                     0x200005c0   Section       16  iwdg.o(.bss)
    .bss                                     0x200005d0   Section     8190  sx1280-hal.o(.bss)
    halTxBuffer                              0x200005d0   Data        4095  sx1280-hal.o(.bss)
    halRxBuffer                              0x200015cf   Data        4095  sx1280-hal.o(.bss)
    .bss                                     0x200025ce   Section       60  sx1280_app.o(.bss)
    STACK                                    0x20002610   Section     1024  startup_stm32l431xx.o(STACK)

    Global Symbols

    Symbol Name                              Value     Ov Type        Size  Object(Section)

    BuildAttributes$$THM_ISAv4$E$P$D$K$B$S$7EM$VFPi3$EXTD16$VFPS$VFMA$PE$A:L22UL41UL21$X:L11$S22US41US21$IEEE1$IW$USESV6$~STKCKD$USESV7$~SHL$OTIME$ROPI$IEEEX$EBA8$MICROLIB$REQ8$PRES8$EABIv2 0x00000000   Number         0  anon$$obj.o ABSOLUTE
    __ARM_use_no_argv                        0x00000000   Number         0  main.o ABSOLUTE
    __arm_fini_                               - Undefined Weak Reference
    __cpp_initialize__aeabi_                  - Undefined Weak Reference
    __cxa_finalize                            - Undefined Weak Reference
    __decompress                              - Undefined Weak Reference
    _clock_init                               - Undefined Weak Reference
    _microlib_exit                            - Undefined Weak Reference
    _scanf_longlong                           - Undefined Weak Reference
    _scanf_real                               - Undefined Weak Reference
    _scanf_string                             - Undefined Weak Reference
    __Vectors_Size                           0x0000018c   Number         0  startup_stm32l431xx.o ABSOLUTE
    __Vectors                                0x08000000   Data           4  startup_stm32l431xx.o(RESET)
    __Vectors_End                            0x0800018c   Data           0  startup_stm32l431xx.o(RESET)
    __main                                   0x0800018d   Thumb Code     0  entry.o(.ARM.Collect$$$$00000000)
    _main_stk                                0x0800018d   Thumb Code     0  entry2.o(.ARM.Collect$$$$00000001)
    _main_scatterload                        0x08000191   Thumb Code     0  entry5.o(.ARM.Collect$$$$00000004)
    __main_after_scatterload                 0x08000195   Thumb Code     0  entry5.o(.ARM.Collect$$$$00000004)
    _main_clock                              0x08000195   Thumb Code     0  entry7b.o(.ARM.Collect$$$$00000008)
    _main_cpp_init                           0x08000195   Thumb Code     0  entry8b.o(.ARM.Collect$$$$0000000A)
    _main_init                               0x08000195   Thumb Code     0  entry9a.o(.ARM.Collect$$$$0000000B)
    __rt_lib_shutdown_fini                   0x0800019d   Thumb Code     0  entry12b.o(.ARM.Collect$$$$0000000E)
    __rt_final_cpp                           0x080001a1   Thumb Code     0  entry10a.o(.ARM.Collect$$$$0000000F)
    __rt_final_exit                          0x080001a1   Thumb Code     0  entry11a.o(.ARM.Collect$$$$00000011)
    Reset_Handler                            0x080001a5   Thumb Code     8  startup_stm32l431xx.o(.text)
    ADC1_IRQHandler                          0x080001bf   Thumb Code     0  startup_stm32l431xx.o(.text)
    CAN1_RX0_IRQHandler                      0x080001bf   Thumb Code     0  startup_stm32l431xx.o(.text)
    CAN1_RX1_IRQHandler                      0x080001bf   Thumb Code     0  startup_stm32l431xx.o(.text)
    CAN1_SCE_IRQHandler                      0x080001bf   Thumb Code     0  startup_stm32l431xx.o(.text)
    CAN1_TX_IRQHandler                       0x080001bf   Thumb Code     0  startup_stm32l431xx.o(.text)
    COMP_IRQHandler                          0x080001bf   Thumb Code     0  startup_stm32l431xx.o(.text)
    CRS_IRQHandler                           0x080001bf   Thumb Code     0  startup_stm32l431xx.o(.text)
    DMA1_Channel1_IRQHandler                 0x080001bf   Thumb Code     0  startup_stm32l431xx.o(.text)
    DMA1_Channel2_IRQHandler                 0x080001bf   Thumb Code     0  startup_stm32l431xx.o(.text)
    DMA1_Channel3_IRQHandler                 0x080001bf   Thumb Code     0  startup_stm32l431xx.o(.text)
    DMA1_Channel4_IRQHandler                 0x080001bf   Thumb Code     0  startup_stm32l431xx.o(.text)
    DMA1_Channel5_IRQHandler                 0x080001bf   Thumb Code     0  startup_stm32l431xx.o(.text)
    DMA1_Channel6_IRQHandler                 0x080001bf   Thumb Code     0  startup_stm32l431xx.o(.text)
    DMA1_Channel7_IRQHandler                 0x080001bf   Thumb Code     0  startup_stm32l431xx.o(.text)
    DMA2_Channel1_IRQHandler                 0x080001bf   Thumb Code     0  startup_stm32l431xx.o(.text)
    DMA2_Channel2_IRQHandler                 0x080001bf   Thumb Code     0  startup_stm32l431xx.o(.text)
    DMA2_Channel3_IRQHandler                 0x080001bf   Thumb Code     0  startup_stm32l431xx.o(.text)
    DMA2_Channel4_IRQHandler                 0x080001bf   Thumb Code     0  startup_stm32l431xx.o(.text)
    DMA2_Channel5_IRQHandler                 0x080001bf   Thumb Code     0  startup_stm32l431xx.o(.text)
    DMA2_Channel6_IRQHandler                 0x080001bf   Thumb Code     0  startup_stm32l431xx.o(.text)
    DMA2_Channel7_IRQHandler                 0x080001bf   Thumb Code     0  startup_stm32l431xx.o(.text)
    EXTI15_10_IRQHandler                     0x080001bf   Thumb Code     0  startup_stm32l431xx.o(.text)
    EXTI1_IRQHandler                         0x080001bf   Thumb Code     0  startup_stm32l431xx.o(.text)
    EXTI2_IRQHandler                         0x080001bf   Thumb Code     0  startup_stm32l431xx.o(.text)
    EXTI3_IRQHandler                         0x080001bf   Thumb Code     0  startup_stm32l431xx.o(.text)
    EXTI4_IRQHandler                         0x080001bf   Thumb Code     0  startup_stm32l431xx.o(.text)
    EXTI9_5_IRQHandler                       0x080001bf   Thumb Code     0  startup_stm32l431xx.o(.text)
    FLASH_IRQHandler                         0x080001bf   Thumb Code     0  startup_stm32l431xx.o(.text)
    FPU_IRQHandler                           0x080001bf   Thumb Code     0  startup_stm32l431xx.o(.text)
    I2C1_ER_IRQHandler                       0x080001bf   Thumb Code     0  startup_stm32l431xx.o(.text)
    I2C1_EV_IRQHandler                       0x080001bf   Thumb Code     0  startup_stm32l431xx.o(.text)
    I2C2_ER_IRQHandler                       0x080001bf   Thumb Code     0  startup_stm32l431xx.o(.text)
    I2C2_EV_IRQHandler                       0x080001bf   Thumb Code     0  startup_stm32l431xx.o(.text)
    I2C3_ER_IRQHandler                       0x080001bf   Thumb Code     0  startup_stm32l431xx.o(.text)
    I2C3_EV_IRQHandler                       0x080001bf   Thumb Code     0  startup_stm32l431xx.o(.text)
    LPTIM1_IRQHandler                        0x080001bf   Thumb Code     0  startup_stm32l431xx.o(.text)
    LPTIM2_IRQHandler                        0x080001bf   Thumb Code     0  startup_stm32l431xx.o(.text)
    LPUART1_IRQHandler                       0x080001bf   Thumb Code     0  startup_stm32l431xx.o(.text)
    PVD_PVM_IRQHandler                       0x080001bf   Thumb Code     0  startup_stm32l431xx.o(.text)
    QUADSPI_IRQHandler                       0x080001bf   Thumb Code     0  startup_stm32l431xx.o(.text)
    RCC_IRQHandler                           0x080001bf   Thumb Code     0  startup_stm32l431xx.o(.text)
    RNG_IRQHandler                           0x080001bf   Thumb Code     0  startup_stm32l431xx.o(.text)
    RTC_Alarm_IRQHandler                     0x080001bf   Thumb Code     0  startup_stm32l431xx.o(.text)
    SAI1_IRQHandler                          0x080001bf   Thumb Code     0  startup_stm32l431xx.o(.text)
    SDMMC1_IRQHandler                        0x080001bf   Thumb Code     0  startup_stm32l431xx.o(.text)
    SPI1_IRQHandler                          0x080001bf   Thumb Code     0  startup_stm32l431xx.o(.text)
    SPI2_IRQHandler                          0x080001bf   Thumb Code     0  startup_stm32l431xx.o(.text)
    SPI3_IRQHandler                          0x080001bf   Thumb Code     0  startup_stm32l431xx.o(.text)
    SWPMI1_IRQHandler                        0x080001bf   Thumb Code     0  startup_stm32l431xx.o(.text)
    TAMP_STAMP_IRQHandler                    0x080001bf   Thumb Code     0  startup_stm32l431xx.o(.text)
    TIM1_BRK_TIM15_IRQHandler                0x080001bf   Thumb Code     0  startup_stm32l431xx.o(.text)
    TIM1_CC_IRQHandler                       0x080001bf   Thumb Code     0  startup_stm32l431xx.o(.text)
    TIM1_TRG_COM_IRQHandler                  0x080001bf   Thumb Code     0  startup_stm32l431xx.o(.text)
    TIM1_UP_TIM16_IRQHandler                 0x080001bf   Thumb Code     0  startup_stm32l431xx.o(.text)
    TIM2_IRQHandler                          0x080001bf   Thumb Code     0  startup_stm32l431xx.o(.text)
    TIM6_DAC_IRQHandler                      0x080001bf   Thumb Code     0  startup_stm32l431xx.o(.text)
    TIM7_IRQHandler                          0x080001bf   Thumb Code     0  startup_stm32l431xx.o(.text)
    TSC_IRQHandler                           0x080001bf   Thumb Code     0  startup_stm32l431xx.o(.text)
    USART2_IRQHandler                        0x080001bf   Thumb Code     0  startup_stm32l431xx.o(.text)
    USART3_IRQHandler                        0x080001bf   Thumb Code     0  startup_stm32l431xx.o(.text)
    WWDG_IRQHandler                          0x080001bf   Thumb Code     0  startup_stm32l431xx.o(.text)
    __aeabi_memcpy                           0x080001c9   Thumb Code    36  memcpya.o(.text)
    __aeabi_memcpy4                          0x080001c9   Thumb Code     0  memcpya.o(.text)
    __aeabi_memcpy8                          0x080001c9   Thumb Code     0  memcpya.o(.text)
    __aeabi_dadd                             0x080001ed   Thumb Code   322  dadd.o(.text)
    __aeabi_dsub                             0x0800032f   Thumb Code     6  dadd.o(.text)
    __aeabi_drsub                            0x08000335   Thumb Code     6  dadd.o(.text)
    __aeabi_dmul                             0x0800034b   Thumb Code   228  dmul.o(.text)
    __aeabi_ddiv                             0x08000435   Thumb Code   222  ddiv.o(.text)
    __aeabi_i2d                              0x08000513   Thumb Code    34  dflti.o(.text)
    __aeabi_ui2d                             0x08000535   Thumb Code    26  dfltui.o(.text)
    __aeabi_d2uiz                            0x0800054f   Thumb Code    50  dfixui.o(.text)
    __aeabi_d2f                              0x08000581   Thumb Code    56  d2f.o(.text)
    __aeabi_llsl                             0x080005b9   Thumb Code    30  llshl.o(.text)
    _ll_shift_l                              0x080005b9   Thumb Code     0  llshl.o(.text)
    __aeabi_llsr                             0x080005d7   Thumb Code    32  llushr.o(.text)
    _ll_ushift_r                             0x080005d7   Thumb Code     0  llushr.o(.text)
    __aeabi_lasr                             0x080005f7   Thumb Code    36  llsshr.o(.text)
    _ll_sshift_r                             0x080005f7   Thumb Code     0  llsshr.o(.text)
    __I$use$fp                               0x0800061b   Thumb Code     0  iusefp.o(.text)
    _float_round                             0x0800061b   Thumb Code    18  fepilogue.o(.text)
    _float_epilogue                          0x0800062d   Thumb Code    92  fepilogue.o(.text)
    _double_round                            0x08000689   Thumb Code    30  depilogue.o(.text)
    _double_epilogue                         0x080006a7   Thumb Code   156  depilogue.o(.text)
    __ARM_scalbn                             0x08000743   Thumb Code    46  dscalb.o(.text)
    scalbn                                   0x08000743   Thumb Code     0  dscalb.o(.text)
    __aeabi_cdrcmple                         0x08000771   Thumb Code    48  cdrcmple.o(.text)
    __scatterload                            0x080007a1   Thumb Code    28  init.o(.text)
    __scatterload_rt2                        0x080007a1   Thumb Code     0  init.o(.text)
    _dsqrt                                   0x080007c5   Thumb Code   162  dsqrt.o(.text)
    ADC1toChanel_16                          0x08000869   Thumb Code    46  adc.o(i.ADC1toChanel_16)
    ADC1toChanel_8                           0x080008a1   Thumb Code    46  adc.o(i.ADC1toChanel_8)
    ADC_Disable                              0x080008d9   Thumb Code   152  stm32l4xx_hal_adc.o(i.ADC_Disable)
    ADC_Enable                               0x08000975   Thumb Code   188  stm32l4xx_hal_adc.o(i.ADC_Enable)
    Battery_Voltage_Measure                  0x08000a3d   Thumb Code   424  adc.o(i.Battery_Voltage_Measure)
    BusFault_Handler                         0x08000c2d   Thumb Code     4  stm32l4xx_it.o(i.BusFault_Handler)
    DebugMon_Handler                         0x08000c31   Thumb Code     2  stm32l4xx_it.o(i.DebugMon_Handler)
    EXTI0_IRQHandler                         0x08000c33   Thumb Code    10  stm32l4xx_it.o(i.EXTI0_IRQHandler)
    Enter_ShutDownMode                       0x08000c3d   Thumb Code   104  main.o(i.Enter_ShutDownMode)
    Error_Handler                            0x08000cc9   Thumb Code    32  hw.o(i.Error_Handler)
    FLASH_FlushCaches                        0x08000ced   Thumb Code   100  stm32l4xx_hal_flash_ex.o(i.FLASH_FlushCaches)
    FLASH_PageErase                          0x08000d7d   Thumb Code    34  stm32l4xx_hal_flash_ex.o(i.FLASH_PageErase)
    FLASH_WaitForLastOperation               0x08000ded   Thumb Code   142  stm32l4xx_hal_flash.o(i.FLASH_WaitForLastOperation)
    Flash_If_DeInit                          0x08000e89   Thumb Code    10  flash.o(i.Flash_If_DeInit)
    Flash_If_Erase                           0x08000e95   Thumb Code    64  flash.o(i.Flash_If_Erase)
    Flash_If_Init                            0x08000ed9   Thumb Code    10  flash.o(i.Flash_If_Init)
    Flash_If_Read                            0x08000ee3   Thumb Code    28  flash.o(i.Flash_If_Read)
    Flash_If_Write                           0x08000f01   Thumb Code    86  flash.o(i.Flash_If_Write)
    Get_random                               0x08000fb5   Thumb Code   224  random.o(i.Get_random)
    GpioGetBitPos                            0x080010c1   Thumb Code    52  hw-gpio.o(i.GpioGetBitPos)
    GpioInit                                 0x080010f5   Thumb Code   220  hw-gpio.o(i.GpioInit)
    GpioLaunchIrqHandler                     0x080011dd   Thumb Code    30  hw-gpio.o(i.GpioLaunchIrqHandler)
    GpioRead                                 0x08001201   Thumb Code    16  hw-gpio.o(i.GpioRead)
    GpioSetIrq                               0x08001211   Thumb Code    56  hw-gpio.o(i.GpioSetIrq)
    GpioWrite                                0x0800124d   Thumb Code    20  hw-gpio.o(i.GpioWrite)
    HAL_ADCEx_Calibration_Start              0x08001261   Thumb Code   172  stm32l4xx_hal_adc_ex.o(i.HAL_ADCEx_Calibration_Start)
    HAL_ADC_ConfigChannel                    0x0800130d   Thumb Code  1246  stm32l4xx_hal_adc.o(i.HAL_ADC_ConfigChannel)
    HAL_ADC_GetValue                         0x08001809   Thumb Code     8  stm32l4xx_hal_adc.o(i.HAL_ADC_GetValue)
    HAL_ADC_Init                             0x08001811   Thumb Code   474  stm32l4xx_hal_adc.o(i.HAL_ADC_Init)
    HAL_ADC_MspInit                          0x08001a05   Thumb Code    68  stm32l4xx_hal_msp.o(i.HAL_ADC_MspInit)
    HAL_ADC_PollForConversion                0x08001a51   Thumb Code   198  stm32l4xx_hal_adc.o(i.HAL_ADC_PollForConversion)
    HAL_ADC_Start                            0x08001b17   Thumb Code   160  stm32l4xx_hal_adc.o(i.HAL_ADC_Start)
    HAL_DMA_Abort_IT                         0x08001bb7   Thumb Code    92  stm32l4xx_hal_dma.o(i.HAL_DMA_Abort_IT)
    HAL_DMA_Init                             0x08001c15   Thumb Code   258  stm32l4xx_hal_dma.o(i.HAL_DMA_Init)
    HAL_Delay                                0x08001d21   Thumb Code    26  hw.o(i.HAL_Delay)
    HAL_FLASHEx_Erase                        0x08001d3d   Thumb Code   260  stm32l4xx_hal_flash_ex.o(i.HAL_FLASHEx_Erase)
    HAL_FLASH_Lock                           0x08001e49   Thumb Code    16  stm32l4xx_hal_flash.o(i.HAL_FLASH_Lock)
    HAL_FLASH_Program                        0x08001e5d   Thumb Code   182  stm32l4xx_hal_flash.o(i.HAL_FLASH_Program)
    HAL_FLASH_Unlock                         0x08001f1d   Thumb Code    36  stm32l4xx_hal_flash.o(i.HAL_FLASH_Unlock)
    HAL_GPIO_EXTI_Callback                   0x08001f4d   Thumb Code    12  hw.o(i.HAL_GPIO_EXTI_Callback)
    HAL_GPIO_EXTI_IRQHandler                 0x08001f59   Thumb Code    24  stm32l4xx_hal_gpio.o(i.HAL_GPIO_EXTI_IRQHandler)
    HAL_GPIO_Init                            0x08001f75   Thumb Code   432  stm32l4xx_hal_gpio.o(i.HAL_GPIO_Init)
    HAL_GPIO_ReadPin                         0x08002141   Thumb Code    16  stm32l4xx_hal_gpio.o(i.HAL_GPIO_ReadPin)
    HAL_GPIO_WritePin                        0x08002151   Thumb Code    10  stm32l4xx_hal_gpio.o(i.HAL_GPIO_WritePin)
    HAL_GetTick                              0x0800215d   Thumb Code     6  stm32l4xx_hal.o(i.HAL_GetTick)
    HAL_IWDG_Init                            0x08002169   Thumb Code    98  stm32l4xx_hal_iwdg.o(i.HAL_IWDG_Init)
    HAL_IWDG_Refresh                         0x080021cb   Thumb Code    14  stm32l4xx_hal_iwdg.o(i.HAL_IWDG_Refresh)
    HAL_IncTick                              0x080021d9   Thumb Code    12  stm32l4xx_hal.o(i.HAL_IncTick)
    HAL_Init                                 0x080021e9   Thumb Code    22  stm32l4xx_hal.o(i.HAL_Init)
    HAL_InitTick                             0x08002201   Thumb Code    36  stm32l4xx_hal.o(i.HAL_InitTick)
    HAL_MspInit                              0x08002229   Thumb Code   140  stm32l4xx_hal_msp.o(i.HAL_MspInit)
    HAL_NVIC_EnableIRQ                       0x080022b9   Thumb Code    40  stm32l4xx_hal_cortex.o(i.HAL_NVIC_EnableIRQ)
    HAL_NVIC_SetPriority                     0x080022e1   Thumb Code   124  stm32l4xx_hal_cortex.o(i.HAL_NVIC_SetPriority)
    HAL_NVIC_SetPriorityGrouping             0x08002365   Thumb Code    32  stm32l4xx_hal_cortex.o(i.HAL_NVIC_SetPriorityGrouping)
    HAL_PWREx_ControlVoltageScaling          0x0800238d   Thumb Code   128  stm32l4xx_hal_pwr_ex.o(i.HAL_PWREx_ControlVoltageScaling)
    HAL_PWREx_EnterSHUTDOWNMode              0x08002419   Thumb Code    34  stm32l4xx_hal_pwr_ex.o(i.HAL_PWREx_EnterSHUTDOWNMode)
    HAL_PWREx_GetVoltageRange                0x08002445   Thumb Code    10  stm32l4xx_hal_pwr_ex.o(i.HAL_PWREx_GetVoltageRange)
    HAL_PWR_EnableBkUpAccess                 0x08002455   Thumb Code    14  stm32l4xx_hal_pwr.o(i.HAL_PWR_EnableBkUpAccess)
    HAL_RCCEx_EnableMSIPLLMode               0x08002469   Thumb Code    14  stm32l4xx_hal_rcc_ex.o(i.HAL_RCCEx_EnableMSIPLLMode)
    HAL_RCCEx_PeriphCLKConfig                0x0800247d   Thumb Code   896  stm32l4xx_hal_rcc_ex.o(i.HAL_RCCEx_PeriphCLKConfig)
    HAL_RCC_ClockConfig                      0x08002805   Thumb Code   348  stm32l4xx_hal_rcc.o(i.HAL_RCC_ClockConfig)
    HAL_RCC_GetHCLKFreq                      0x08002971   Thumb Code     6  stm32l4xx_hal_rcc.o(i.HAL_RCC_GetHCLKFreq)
    HAL_RCC_GetSysClockFreq                  0x0800297d   Thumb Code   252  stm32l4xx_hal_rcc.o(i.HAL_RCC_GetSysClockFreq)
    HAL_RCC_OscConfig                        0x08002a89   Thumb Code  1676  stm32l4xx_hal_rcc.o(i.HAL_RCC_OscConfig)
    HAL_RNG_DeInit                           0x08003121   Thumb Code    56  stm32l4xx_hal_rng.o(i.HAL_RNG_DeInit)
    HAL_RNG_GenerateRandomNumber             0x08003159   Thumb Code   118  stm32l4xx_hal_rng.o(i.HAL_RNG_GenerateRandomNumber)
    HAL_RNG_GetRandomNumber                  0x080031cf   Thumb Code    24  stm32l4xx_hal_rng.o(i.HAL_RNG_GetRandomNumber)
    HAL_RNG_Init                             0x080031e7   Thumb Code    52  stm32l4xx_hal_rng.o(i.HAL_RNG_Init)
    HAL_RNG_MspDeInit                        0x0800321d   Thumb Code    24  stm32l4xx_hal_msp.o(i.HAL_RNG_MspDeInit)
    HAL_RNG_MspInit                          0x08003239   Thumb Code    56  stm32l4xx_hal_msp.o(i.HAL_RNG_MspInit)
    HAL_RTCEx_BKUPRead                       0x08003275   Thumb Code    18  stm32l4xx_hal_rtc_ex.o(i.HAL_RTCEx_BKUPRead)
    HAL_RTCEx_BKUPWrite                      0x08003287   Thumb Code    18  stm32l4xx_hal_rtc_ex.o(i.HAL_RTCEx_BKUPWrite)
    HAL_RTCEx_DeactivateWakeUpTimer          0x08003299   Thumb Code   166  stm32l4xx_hal_rtc_ex.o(i.HAL_RTCEx_DeactivateWakeUpTimer)
    HAL_RTCEx_SetWakeUpTimer_IT              0x08003341   Thumb Code   328  stm32l4xx_hal_rtc_ex.o(i.HAL_RTCEx_SetWakeUpTimer_IT)
    HAL_RTCEx_WakeUpTimerEventCallback       0x0800348d   Thumb Code     2  stm32l4xx_hal_rtc_ex.o(i.HAL_RTCEx_WakeUpTimerEventCallback)
    HAL_RTCEx_WakeUpTimerIRQHandler          0x08003491   Thumb Code    52  stm32l4xx_hal_rtc_ex.o(i.HAL_RTCEx_WakeUpTimerIRQHandler)
    HAL_RTC_Init                             0x080034c9   Thumb Code   228  stm32l4xx_hal_rtc.o(i.HAL_RTC_Init)
    HAL_RTC_MspInit                          0x080035b1   Thumb Code    88  stm32l4xx_hal_msp.o(i.HAL_RTC_MspInit)
    HAL_RTC_WaitForSynchro                   0x0800360d   Thumb Code    58  stm32l4xx_hal_rtc.o(i.HAL_RTC_WaitForSynchro)
    HAL_SPIEx_FlushRxFifo                    0x08003647   Thumb Code    44  stm32l4xx_hal_spi_ex.o(i.HAL_SPIEx_FlushRxFifo)
    HAL_SPI_Init                             0x08003673   Thumb Code   192  stm32l4xx_hal_spi.o(i.HAL_SPI_Init)
    HAL_SPI_MspInit                          0x08003735   Thumb Code   298  stm32l4xx_hal_msp.o(i.HAL_SPI_MspInit)
    HAL_SPI_Transmit                         0x08003875   Thumb Code   440  stm32l4xx_hal_spi.o(i.HAL_SPI_Transmit)
    HAL_SPI_TransmitReceive                  0x08003a2d   Thumb Code   644  stm32l4xx_hal_spi.o(i.HAL_SPI_TransmitReceive)
    HAL_SYSTICK_CLKSourceConfig              0x08003cb7   Thumb Code    40  stm32l4xx_hal_cortex.o(i.HAL_SYSTICK_CLKSourceConfig)
    HAL_SYSTICK_Callback                     0x08003ce1   Thumb Code    28  stm32l4xx_it.o(i.HAL_SYSTICK_Callback)
    HAL_SYSTICK_Config                       0x08003d05   Thumb Code    52  stm32l4xx_hal_cortex.o(i.HAL_SYSTICK_Config)
    HAL_SYSTICK_IRQHandler                   0x08003d39   Thumb Code     8  stm32l4xx_hal_cortex.o(i.HAL_SYSTICK_IRQHandler)
    HAL_UARTEx_WakeupCallback                0x08003d41   Thumb Code     2  stm32l4xx_hal_uart_ex.o(i.HAL_UARTEx_WakeupCallback)
    HAL_UART_ErrorCallback                   0x08003d43   Thumb Code     2  stm32l4xx_hal_uart.o(i.HAL_UART_ErrorCallback)
    HAL_UART_GetState                        0x08003d45   Thumb Code    20  stm32l4xx_hal_uart.o(i.HAL_UART_GetState)
    HAL_UART_IRQHandler                      0x08003d59   Thumb Code   392  stm32l4xx_hal_uart.o(i.HAL_UART_IRQHandler)
    HAL_UART_Receive_IT                      0x08003ee5   Thumb Code   214  stm32l4xx_hal_uart.o(i.HAL_UART_Receive_IT)
    HAL_UART_RxCpltCallback                  0x08003fc5   Thumb Code   120  usart.o(i.HAL_UART_RxCpltCallback)
    HAL_UART_TxCpltCallback                  0x0800404d   Thumb Code     2  stm32l4xx_hal_uart.o(i.HAL_UART_TxCpltCallback)
    Handle_RFSendflag                        0x08004051   Thumb Code   450  main.o(i.Handle_RFSendflag)
    Handle_WakeUpSource                      0x08004255   Thumb Code   206  rtc.o(i.Handle_WakeUpSource)
    Handle_receiveStation_sx1280_frame       0x08004341   Thumb Code  1016  protocol.o(i.Handle_receiveStation_sx1280_frame)
    HardFault_Handler                        0x0800475d   Thumb Code     4  stm32l4xx_it.o(i.HardFault_Handler)
    HwInit                                   0x08004761   Thumb Code    20  hw.o(i.HwInit)
    MSP_GetIRQn                              0x08004839   Thumb Code   144  stm32l4xx_hal_msp.o(i.MSP_GetIRQn)
    MX_ADC1_Init                             0x080048c9   Thumb Code   110  adc.o(i.MX_ADC1_Init)
    MX_IWDG_Init                             0x08004945   Thumb Code    38  iwdg.o(i.MX_IWDG_Init)
    MemManage_Handler                        0x08004975   Thumb Code     4  stm32l4xx_it.o(i.MemManage_Handler)
    NMI_Handler                              0x08004979   Thumb Code     2  stm32l4xx_it.o(i.NMI_Handler)
    OnRxDone                                 0x0800497d   Thumb Code     8  sx1280_app.o(i.OnRxDone)
    OnRxError                                0x08004989   Thumb Code     8  sx1280_app.o(i.OnRxError)
    OnRxTimeout                              0x08004995   Thumb Code     8  sx1280_app.o(i.OnRxTimeout)
    OnTxDone                                 0x080049a1   Thumb Code     8  sx1280_app.o(i.OnTxDone)
    OnTxTimeout                              0x080049ad   Thumb Code     8  sx1280_app.o(i.OnTxTimeout)
    PendSV_Handler                           0x080049b9   Thumb Code     2  stm32l4xx_it.o(i.PendSV_Handler)
    Process_Appstate_0                       0x080049bd   Thumb Code   236  sx1280_app.o(i.Process_Appstate_0)
    RTC_Config                               0x08004ced   Thumb Code    42  rtc.o(i.RTC_Config)
    RTC_EnterInitMode                        0x08004d21   Thumb Code    62  stm32l4xx_hal_rtc.o(i.RTC_EnterInitMode)
    RTC_WKUP_IRQHandler                      0x08004d61   Thumb Code    10  stm32l4xx_it.o(i.RTC_WKUP_IRQHandler)
    RTU_CRC                                  0x08004d71   Thumb Code    48  protocol.o(i.RTU_CRC)
    Read_flash_Parameter                     0x08004da9   Thumb Code   158  flash.o(i.Read_flash_Parameter)
    SVC_Handler                              0x08005021   Thumb Code     2  stm32l4xx_it.o(i.SVC_Handler)
    SX1280Calibrate                          0x08005023   Thumb Code    86  sx1280.o(i.SX1280Calibrate)
    SX1280ClearIrqStatus                     0x08005079   Thumb Code    28  sx1280.o(i.SX1280ClearIrqStatus)
    SX1280GetFirmwareVersion                 0x08005095   Thumb Code    26  sx1280.o(i.SX1280GetFirmwareVersion)
    SX1280GetFrequencyError                  0x080050b1   Thumb Code   248  sx1280.o(i.SX1280GetFrequencyError)
    SX1280GetIrqStatus                       0x080051d5   Thumb Code    26  sx1280.o(i.SX1280GetIrqStatus)
    SX1280GetLoRaBandwidth                   0x080051f1   Thumb Code    46  sx1280.o(i.SX1280GetLoRaBandwidth)
    SX1280GetOpMode                          0x08005235   Thumb Code     6  sx1280.o(i.SX1280GetOpMode)
    SX1280GetPacketStatus                    0x08005241   Thumb Code   776  sx1280.o(i.SX1280GetPacketStatus)
    SX1280GetPacketType                      0x08005549   Thumb Code     6  sx1280.o(i.SX1280GetPacketType)
    SX1280GetPayload                         0x08005555   Thumb Code    42  sx1280.o(i.SX1280GetPayload)
    SX1280GetRangingResult                   0x08005581   Thumb Code   292  sx1280.o(i.SX1280GetRangingResult)
    SX1280GetRssiInst                        0x080056c5   Thumb Code    32  sx1280.o(i.SX1280GetRssiInst)
    SX1280GetRxBufferStatus                  0x080056e5   Thumb Code    84  sx1280.o(i.SX1280GetRxBufferStatus)
    SX1280GetStatus                          0x08005739   Thumb Code    30  sx1280.o(i.SX1280GetStatus)
    SX1280HalGetDioStatus                    0x08005757   Thumb Code    34  sx1280-hal.o(i.SX1280HalGetDioStatus)
    SX1280HalInit                            0x08005779   Thumb Code    12  sx1280-hal.o(i.SX1280HalInit)
    SX1280HalIoIrqInit                       0x08005785   Thumb Code    20  sx1280-hal.o(i.SX1280HalIoIrqInit)
    SX1280HalReadBuffer                      0x08005799   Thumb Code   104  sx1280-hal.o(i.SX1280HalReadBuffer)
    SX1280HalReadCommand                     0x08005809   Thumb Code   102  sx1280-hal.o(i.SX1280HalReadCommand)
    SX1280HalReadRegister                    0x08005879   Thumb Code    20  sx1280-hal.o(i.SX1280HalReadRegister)
    SX1280HalReadRegisters                   0x0800588d   Thumb Code   108  sx1280-hal.o(i.SX1280HalReadRegisters)
    SX1280HalReset                           0x08005901   Thumb Code    42  sx1280-hal.o(i.SX1280HalReset)
    SX1280HalWaitOnBusy                      0x0800592b   Thumb Code    22  sx1280-hal.o(i.SX1280HalWaitOnBusy)
    SX1280HalWriteBuffer                     0x08005941   Thumb Code    78  sx1280-hal.o(i.SX1280HalWriteBuffer)
    SX1280HalWriteCommand                    0x08005995   Thumb Code    76  sx1280-hal.o(i.SX1280HalWriteCommand)
    SX1280HalWriteRegister                   0x080059e5   Thumb Code    16  sx1280-hal.o(i.SX1280HalWriteRegister)
    SX1280HalWriteRegisters                  0x080059f5   Thumb Code    82  sx1280-hal.o(i.SX1280HalWriteRegisters)
    SX1280Init                               0x08005a4d   Thumb Code    16  sx1280.o(i.SX1280Init)
    SX1280OnDioIrq                           0x08005a65   Thumb Code     8  sx1280.o(i.SX1280OnDioIrq)
    SX1280ProcessIrqs                        0x08005a71   Thumb Code   164  sx1280.o(i.SX1280ProcessIrqs)
    SX1280RangingClearFilterResult           0x08005b1d   Thumb Code    38  sx1280.o(i.SX1280RangingClearFilterResult)
    SX1280RangingSetFilterNumSamples         0x08005b43   Thumb Code    26  sx1280.o(i.SX1280RangingSetFilterNumSamples)
    SX1280SendPayload                        0x08005b5d   Thumb Code    22  sx1280.o(i.SX1280SendPayload)
    SX1280SetAutoFS                          0x08005b73   Thumb Code    14  sx1280.o(i.SX1280SetAutoFS)
    SX1280SetAutoTx                          0x08005b81   Thumb Code    34  sx1280.o(i.SX1280SetAutoTx)
    SX1280SetBleAccessAddress                0x08005ba3   Thumb Code    50  sx1280.o(i.SX1280SetBleAccessAddress)
    SX1280SetBleAdvertizerAccessAddress      0x08005bd5   Thumb Code    10  sx1280.o(i.SX1280SetBleAdvertizerAccessAddress)
    SX1280SetBufferBaseAddresses             0x08005be5   Thumb Code    26  sx1280.o(i.SX1280SetBufferBaseAddresses)
    SX1280SetCad                             0x08005c01   Thumb Code    20  sx1280.o(i.SX1280SetCad)
    SX1280SetCadParams                       0x08005c19   Thumb Code    20  sx1280.o(i.SX1280SetCadParams)
    SX1280SetCrcPolynomial                   0x08005c31   Thumb Code    50  sx1280.o(i.SX1280SetCrcPolynomial)
    SX1280SetCrcSeed                         0x08005c63   Thumb Code    50  sx1280.o(i.SX1280SetCrcSeed)
    SX1280SetDeviceRangingAddress            0x08005c95   Thumb Code    56  sx1280.o(i.SX1280SetDeviceRangingAddress)
    SX1280SetDioIrqParams                    0x08005ccd   Thumb Code    74  sx1280.o(i.SX1280SetDioIrqParams)
    SX1280SetFs                              0x08005d19   Thumb Code    20  sx1280.o(i.SX1280SetFs)
    SX1280SetInterruptMode                   0x08005d31   Thumb Code     8  sx1280.o(i.SX1280SetInterruptMode)
    SX1280SetLongPreamble                    0x08005d3d   Thumb Code    14  sx1280.o(i.SX1280SetLongPreamble)
    SX1280SetModulationParams                0x08005d4d   Thumb Code   168  sx1280.o(i.SX1280SetModulationParams)
    SX1280SetPacketParams                    0x08005dfd   Thumb Code   268  sx1280.o(i.SX1280SetPacketParams)
    SX1280SetPacketType                      0x08005f0d   Thumb Code    22  sx1280.o(i.SX1280SetPacketType)
    SX1280SetPayload                         0x08005f29   Thumb Code    18  sx1280.o(i.SX1280SetPayload)
    SX1280SetPollingMode                     0x08005f3d   Thumb Code     8  sx1280.o(i.SX1280SetPollingMode)
    SX1280SetRangingCalibration              0x08005f49   Thumb Code    40  sx1280.o(i.SX1280SetRangingCalibration)
    SX1280SetRangingIdLength                 0x08005f71   Thumb Code    48  sx1280.o(i.SX1280SetRangingIdLength)
    SX1280SetRangingRequestAddress           0x08005fa1   Thumb Code    56  sx1280.o(i.SX1280SetRangingRequestAddress)
    SX1280SetRangingRole                     0x08005fd9   Thumb Code    18  sx1280.o(i.SX1280SetRangingRole)
    SX1280SetRegistersDefault                0x08005fed   Thumb Code    34  sx1280.o(i.SX1280SetRegistersDefault)
    SX1280SetRegulatorMode                   0x08006015   Thumb Code    14  sx1280.o(i.SX1280SetRegulatorMode)
    SX1280SetRfFrequency                     0x08006025   Thumb Code   116  sx1280.o(i.SX1280SetRfFrequency)
    SX1280SetRx                              0x080060b1   Thumb Code    72  sx1280.o(i.SX1280SetRx)
    SX1280SetRxDutyCycle                     0x080060fd   Thumb Code    54  sx1280.o(i.SX1280SetRxDutyCycle)
    SX1280SetSaveContext                     0x08006139   Thumb Code    14  sx1280.o(i.SX1280SetSaveContext)
    SX1280SetSleep                           0x08006149   Thumb Code    66  sx1280.o(i.SX1280SetSleep)
    SX1280SetStandby                         0x08006191   Thumb Code    34  sx1280.o(i.SX1280SetStandby)
    SX1280SetSyncWord                        0x080061b9   Thumb Code   152  sx1280.o(i.SX1280SetSyncWord)
    SX1280SetSyncWordErrorTolerance          0x08006251   Thumb Code    36  sx1280.o(i.SX1280SetSyncWordErrorTolerance)
    SX1280SetTx                              0x08006275   Thumb Code    72  sx1280.o(i.SX1280SetTx)
    SX1280SetTxContinuousPreamble            0x080062c1   Thumb Code    14  sx1280.o(i.SX1280SetTxContinuousPreamble)
    SX1280SetTxContinuousWave                0x080062cf   Thumb Code    14  sx1280.o(i.SX1280SetTxContinuousWave)
    SX1280SetTxParams                        0x080062dd   Thumb Code    32  sx1280.o(i.SX1280SetTxParams)
    SX1280SetWhiteningSeed                   0x080062fd   Thumb Code    42  sx1280.o(i.SX1280SetWhiteningSeed)
    SX1280_Enter_LowPower                    0x08006329   Thumb Code    72  sx1280_app.o(i.SX1280_Enter_LowPower)
    SX1280_Init                              0x08006375   Thumb Code   156  sx1280_app.o(i.SX1280_Init)
    SX1280_SendData                          0x08006419   Thumb Code    54  sx1280_app.o(i.SX1280_SendData)
    SendtoStation_sx1280_frame               0x08006479   Thumb Code   578  protocol.o(i.SendtoStation_sx1280_frame)
    SpiIn                                    0x080066cd   Thumb Code    22  hw-spi.o(i.SpiIn)
    SpiInOut                                 0x080066e9   Thumb Code    34  hw-spi.o(i.SpiInOut)
    SpiInit                                  0x08006711   Thumb Code    70  hw-spi.o(i.SpiInit)
    SysTick_Handler                          0x08006761   Thumb Code    12  stm32l4xx_it.o(i.SysTick_Handler)
    SystemClock_Config_24M                   0x0800676d   Thumb Code   170  hw.o(i.SystemClock_Config_24M)
    SystemInit                               0x08006819   Thumb Code    68  system_stm32l4xx.o(i.SystemInit)
    USART1_IRQHandler                        0x08006999   Thumb Code    56  usart.o(i.USART1_IRQHandler)
    UsageFault_Handler                       0x080069d9   Thumb Code     4  stm32l4xx_it.o(i.UsageFault_Handler)
    Write_flash_Parameter                    0x080069dd   Thumb Code   110  flash.o(i.Write_flash_Parameter)
    __ARM_fpclassify                         0x08006a61   Thumb Code    48  fpclassify.o(i.__ARM_fpclassify)
    __hardfp_pow                             0x08006ac9   Thumb Code  3072  pow.o(i.__hardfp_pow)
    __kernel_poly                            0x08007749   Thumb Code   248  poly.o(i.__kernel_poly)
    __mathlib_dbl_divzero                    0x08007841   Thumb Code    28  dunder.o(i.__mathlib_dbl_divzero)
    __mathlib_dbl_infnan2                    0x08007871   Thumb Code    20  dunder.o(i.__mathlib_dbl_infnan2)
    __mathlib_dbl_invalid                    0x08007889   Thumb Code    24  dunder.o(i.__mathlib_dbl_invalid)
    __mathlib_dbl_overflow                   0x080078a9   Thumb Code    24  dunder.o(i.__mathlib_dbl_overflow)
    __mathlib_dbl_underflow                  0x080078c9   Thumb Code    24  dunder.o(i.__mathlib_dbl_underflow)
    __scatterload_copy                       0x080078e9   Thumb Code    14  handlers.o(i.__scatterload_copy)
    __scatterload_null                       0x080078f7   Thumb Code     2  handlers.o(i.__scatterload_null)
    __scatterload_zeroinit                   0x080078f9   Thumb Code    14  handlers.o(i.__scatterload_zeroinit)
    __set_errno                              0x08007909   Thumb Code     6  errno.o(i.__set_errno)
    fabs                                     0x08007915   Thumb Code    24  fabs.o(i.fabs)
    main                                     0x0800792d   Thumb Code   108  main.o(i.main)
    sqrt                                     0x080079b9   Thumb Code   110  sqrt.o(i.sqrt)
    AHBPrescTable                            0x08007a28   Data          16  system_stm32l4xx.o(.constdata)
    APBPrescTable                            0x08007a38   Data           8  system_stm32l4xx.o(.constdata)
    MSIRangeTable                            0x08007a40   Data          48  system_stm32l4xx.o(.constdata)
    RadioRegsInit                            0x08007a70   Data           4  sx1280.o(.constdata)
    Radio                                    0x08007a74   Data         260  sx1280-hal.o(.constdata)
    Frequency_list                           0x08007b78   Data         120  protocol.o(.constdata)
    __mathlib_zero                           0x08007e78   Data           8  qnan.o(.constdata)
    Region$$Table$$Base                      0x08007e80   Number         0  anon$$obj.o(Region$$Table)
    Region$$Table$$Limit                     0x08007ea0   Number         0  anon$$obj.o(Region$$Table)
    sensor_id                                0x20000000   Data           8  main.o(.data)
    default_sensor_id                        0x20000008   Data           8  main.o(.data)
    BURST_Count_down                         0x20000010   Data           4  main.o(.data)
    sleep_time                               0x20000014   Data           4  main.o(.data)
    sx1280_receive_time                      0x20000018   Data           4  main.o(.data)
    RTC_SleepTime                            0x2000001c   Data           4  main.o(.data)
    MainRun_Time                             0x20000020   Data           4  main.o(.data)
    Rssi                                     0x20000024   Data           2  main.o(.data)
    temperatrue                              0x20000026   Data           2  main.o(.data)
    Send_BURST_Count                         0x20000028   Data           1  main.o(.data)
    Send_BURST_Flag                          0x20000029   Data           1  main.o(.data)
    Send_Frame_Type                          0x2000002a   Data           1  main.o(.data)
    otp_sensor_id_buf                        0x2000002b   Data           6  main.o(.data)
    sensor_id_buf                            0x20000031   Data           6  main.o(.data)
    hi2c1_status                             0x20000037   Data           1  main.o(.data)
    packetStatus                             0x20000038   Data           6  main.o(.data)
    Shift_time                               0x20000040   Data           4  main.o(.data)
    Flash_Sensor_ID                          0x20000044   Data           4  main.o(.data)
    uwTick                                   0x20000048   Data           4  stm32l4xx_hal.o(.data)
    pFlash                                   0x2000004c   Data          32  stm32l4xx_hal_flash.o(.data)
    SystemCoreClock                          0x2000006c   Data           4  system_stm32l4xx.o(.data)
    USART1_RX_STA                            0x20000070   Data           2  usart.o(.data)
    USART2_RX_STA                            0x20000072   Data           2  usart.o(.data)
    USART3_RX_STA                            0x20000074   Data           2  usart.o(.data)
    aRx1Buffer                               0x20000076   Data           1  usart.o(.data)
    a                                        0x20000078   Data           4  adc.o(.data)
    b                                        0x2000007c   Data           2  adc.o(.data)
    uhADCx_16                                0x2000007e   Data           2  adc.o(.data)
    uhADCxRefValue                           0x20000080   Data           2  adc.o(.data)
    uhADCxConvertedValue                     0x20000082   Data           2  adc.o(.data)
    Water_Depth                              0x20000084   Data           2  adc.o(.data)
    Burst_Status                             0x20000086   Data           1  adc.o(.data)
    Message_Cycle_Count_down                 0x20000088   Data           4  rtc.o(.data)
    Repeat_Count                             0x2000008c   Data           4  rtc.o(.data)
    AppState                                 0x20000090   Data           1  sx1280.o(.data)
    DioIrq                                   0x20000098   Data           4  sx1280.o(.data)
    IrqState                                 0x2000009c   Data           1  sx1280.o(.data)
    DES_Offset_Delay                         0x200000a4   Data           4  protocol.o(.data)
    Message_cycle                            0x200000a8   Data           4  protocol.o(.data)
    Offset_Delay                             0x200000ac   Data           4  protocol.o(.data)
    Ctrl_cycle                               0x200000b0   Data           2  protocol.o(.data)
    Alarm_threshold                          0x200000b4   Data           4  protocol.o(.data)
    Alarm_threshold_DOWN                     0x200000b8   Data           4  protocol.o(.data)
    Time_random                              0x200000bc   Data           1  protocol.o(.data)
    Frequency_point                          0x200000bd   Data           1  protocol.o(.data)
    REQ_Waiting_Reply                        0x200000be   Data           1  protocol.o(.data)
    BURST_Waiting_Reply                      0x200000bf   Data           1  protocol.o(.data)
    Receive_BURST_ACK_flag                   0x200000c0   Data           1  protocol.o(.data)
    PongMsg3                                 0x200000c4   Data          12  sx1280_app.o(.data)
    RecBufferSize                            0x200000d0   Data           1  sx1280_app.o(.data)
    SndBufferSize                            0x200000d1   Data           1  sx1280_app.o(.data)
    Send_Frame_type                          0x200000d2   Data           1  sx1280_app.o(.data)
    RxIrqMask                                0x200000d4   Data           2  sx1280_app.o(.data)
    TxIrqMask                                0x200000d6   Data           2  sx1280_app.o(.data)
    mainsteptime                             0x200000d8   Data           2  sx1280_app.o(.data)
    lorasteptime                             0x200000dc   Data           8  sx1280_app.o(.data)
    TTtime_RX                                0x200000e4   Data           4  sx1280_app.o(.data)
    TTtime_TX                                0x200000e8   Data           4  sx1280_app.o(.data)
    SX1280_ID                                0x200000ec   Data           2  sx1280_app.o(.data)
    irqRegs                                  0x200000ee   Data           2  sx1280_app.o(.data)
    Callbacks                                0x200000f4   Data          36  sx1280_app.o(.data)
    Buffer                                   0x2000011c   Data          10  main.o(.bss)
    RspAckbuff                               0x20000126   Data          50  main.o(.bss)
    WriteBuffer                              0x20000158   Data          10  main.o(.bss)
    ReadBuffer                               0x20000162   Data          10  main.o(.bss)
    packetParams                             0x2000016c   Data          24  main.o(.bss)
    SpiHandle                                0x20000254   Data         100  hw-spi.o(.bss)
    USART1_RX_BUF                            0x200002b8   Data          20  usart.o(.bss)
    huart1                                   0x200002cc   Data         120  usart.o(.bss)
    huart2                                   0x20000344   Data         120  usart.o(.bss)
    UART1_Handler                            0x200003bc   Data         120  usart.o(.bss)
    UART2_Handler                            0x20000434   Data         120  usart.o(.bss)
    UART3_Handler                            0x200004ac   Data         120  usart.o(.bss)
    hadc1                                    0x20000524   Data         104  adc.o(.bss)
    RTCHandle                                0x2000058c   Data          36  rtc.o(.bss)
    RngHandle                                0x200005b0   Data          16  random.o(.bss)
    hiwdg                                    0x200005c0   Data          16  iwdg.o(.bss)
    RecBuffer                                0x200025ce   Data          30  sx1280_app.o(.bss)
    SndBuffer                                0x200025ec   Data          30  sx1280_app.o(.bss)
    __initial_sp                             0x20002a10   Data           0  startup_stm32l431xx.o(STACK)



==============================================================================

Memory Map of the image

  Image Entry point : 0x0800018d

  Load Region LR_IROM1 (Base: 0x08000000, Size: 0x00007fbc, Max: 0x00020000, ABSOLUTE)

    Execution Region ER_IROM1 (Exec base: 0x08000000, Load base: 0x08000000, Size: 0x00007ea0, Max: 0x00020000, ABSOLUTE)

    Exec Addr    Load Addr    Size         Type   Attr      Idx    E Section Name        Object

    0x08000000   0x08000000   0x0000018c   Data   RO            3    RESET               startup_stm32l431xx.o
    0x0800018c   0x0800018c   0x00000000   Code   RO         5303  * .ARM.Collect$$$$00000000  mc_w.l(entry.o)
    0x0800018c   0x0800018c   0x00000004   Code   RO         5371    .ARM.Collect$$$$00000001  mc_w.l(entry2.o)
    0x08000190   0x08000190   0x00000004   Code   RO         5374    .ARM.Collect$$$$00000004  mc_w.l(entry5.o)
    0x08000194   0x08000194   0x00000000   Code   RO         5376    .ARM.Collect$$$$00000008  mc_w.l(entry7b.o)
    0x08000194   0x08000194   0x00000000   Code   RO         5378    .ARM.Collect$$$$0000000A  mc_w.l(entry8b.o)
    0x08000194   0x08000194   0x00000008   Code   RO         5379    .ARM.Collect$$$$0000000B  mc_w.l(entry9a.o)
    0x0800019c   0x0800019c   0x00000004   Code   RO         5386    .ARM.Collect$$$$0000000E  mc_w.l(entry12b.o)
    0x080001a0   0x080001a0   0x00000000   Code   RO         5381    .ARM.Collect$$$$0000000F  mc_w.l(entry10a.o)
    0x080001a0   0x080001a0   0x00000000   Code   RO         5383    .ARM.Collect$$$$00000011  mc_w.l(entry11a.o)
    0x080001a0   0x080001a0   0x00000004   Code   RO         5372    .ARM.Collect$$$$00002712  mc_w.l(entry2.o)
    0x080001a4   0x080001a4   0x00000024   Code   RO            4    .text               startup_stm32l431xx.o
    0x080001c8   0x080001c8   0x00000024   Code   RO         5308    .text               mc_w.l(memcpya.o)
    0x080001ec   0x080001ec   0x0000015e   Code   RO         5320    .text               mf_w.l(dadd.o)
    0x0800034a   0x0800034a   0x000000ea   Code   RO         5322    .text               mf_w.l(dmul.o)
    0x08000434   0x08000434   0x000000de   Code   RO         5324    .text               mf_w.l(ddiv.o)
    0x08000512   0x08000512   0x00000022   Code   RO         5326    .text               mf_w.l(dflti.o)
    0x08000534   0x08000534   0x0000001a   Code   RO         5328    .text               mf_w.l(dfltui.o)
    0x0800054e   0x0800054e   0x00000032   Code   RO         5330    .text               mf_w.l(dfixui.o)
    0x08000580   0x08000580   0x00000038   Code   RO         5332    .text               mf_w.l(d2f.o)
    0x080005b8   0x080005b8   0x0000001e   Code   RO         5387    .text               mc_w.l(llshl.o)
    0x080005d6   0x080005d6   0x00000020   Code   RO         5389    .text               mc_w.l(llushr.o)
    0x080005f6   0x080005f6   0x00000024   Code   RO         5391    .text               mc_w.l(llsshr.o)
    0x0800061a   0x0800061a   0x00000000   Code   RO         5406    .text               mc_w.l(iusefp.o)
    0x0800061a   0x0800061a   0x0000006e   Code   RO         5407    .text               mf_w.l(fepilogue.o)
    0x08000688   0x08000688   0x000000ba   Code   RO         5409    .text               mf_w.l(depilogue.o)
    0x08000742   0x08000742   0x0000002e   Code   RO         5413    .text               mf_w.l(dscalb.o)
    0x08000770   0x08000770   0x00000030   Code   RO         5415    .text               mf_w.l(cdrcmple.o)
    0x080007a0   0x080007a0   0x00000024   Code   RO         5417    .text               mc_w.l(init.o)
    0x080007c4   0x080007c4   0x000000a2   Code   RO         5423    .text               mf_w.l(dsqrt.o)
    0x08000866   0x08000866   0x00000002   PAD
    0x08000868   0x08000868   0x00000038   Code   RO         4471    i.ADC1toChanel_16   adc.o
    0x080008a0   0x080008a0   0x00000038   Code   RO         4472    i.ADC1toChanel_8    adc.o
    0x080008d8   0x080008d8   0x0000009c   Code   RO         3038    i.ADC_Disable       stm32l4xx_hal_adc.o
    0x08000974   0x08000974   0x000000c8   Code   RO         3039    i.ADC_Enable        stm32l4xx_hal_adc.o
    0x08000a3c   0x08000a3c   0x000001f0   Code   RO         4474    i.Battery_Voltage_Measure  adc.o
    0x08000c2c   0x08000c2c   0x00000004   Code   RO          246    i.BusFault_Handler  stm32l4xx_it.o
    0x08000c30   0x08000c30   0x00000002   Code   RO          247    i.DebugMon_Handler  stm32l4xx_it.o
    0x08000c32   0x08000c32   0x0000000a   Code   RO          248    i.EXTI0_IRQHandler  stm32l4xx_it.o
    0x08000c3c   0x08000c3c   0x0000008c   Code   RO           13    i.Enter_ShutDownMode  main.o
    0x08000cc8   0x08000cc8   0x00000024   Code   RO         4109    i.Error_Handler     hw.o
    0x08000cec   0x08000cec   0x0000006c   Code   RO         1906    i.FLASH_FlushCaches  stm32l4xx_hal_flash_ex.o
    0x08000d58   0x08000d58   0x00000024   Code   RO         1907    i.FLASH_MassErase   stm32l4xx_hal_flash_ex.o
    0x08000d7c   0x08000d7c   0x00000028   Code   RO         1916    i.FLASH_PageErase   stm32l4xx_hal_flash_ex.o
    0x08000da4   0x08000da4   0x00000018   Code   RO         1803    i.FLASH_Program_DoubleWord  stm32l4xx_hal_flash.o
    0x08000dbc   0x08000dbc   0x00000030   Code   RO         1804    i.FLASH_Program_Fast  stm32l4xx_hal_flash.o
    0x08000dec   0x08000dec   0x0000009c   Code   RO         1805    i.FLASH_WaitForLastOperation  stm32l4xx_hal_flash.o
    0x08000e88   0x08000e88   0x0000000a   Code   RO         4395    i.Flash_If_DeInit   flash.o
    0x08000e92   0x08000e92   0x00000002   PAD
    0x08000e94   0x08000e94   0x00000044   Code   RO         4396    i.Flash_If_Erase    flash.o
    0x08000ed8   0x08000ed8   0x0000000a   Code   RO         4397    i.Flash_If_Init     flash.o
    0x08000ee2   0x08000ee2   0x0000001c   Code   RO         4398    i.Flash_If_Read     flash.o
    0x08000efe   0x08000efe   0x00000002   PAD
    0x08000f00   0x08000f00   0x0000005c   Code   RO         4399    i.Flash_If_Write    flash.o
    0x08000f5c   0x08000f5c   0x00000058   Code   RO         4400    i.GetPage           flash.o
    0x08000fb4   0x08000fb4   0x0000010c   Code   RO         4569    i.Get_random        random.o
    0x080010c0   0x080010c0   0x00000034   Code   RO         4187    i.GpioGetBitPos     hw-gpio.o
    0x080010f4   0x080010f4   0x000000e8   Code   RO         4188    i.GpioInit          hw-gpio.o
    0x080011dc   0x080011dc   0x00000024   Code   RO         4189    i.GpioLaunchIrqHandler  hw-gpio.o
    0x08001200   0x08001200   0x00000010   Code   RO         4190    i.GpioRead          hw-gpio.o
    0x08001210   0x08001210   0x0000003c   Code   RO         4191    i.GpioSetIrq        hw-gpio.o
    0x0800124c   0x0800124c   0x00000014   Code   RO         4192    i.GpioWrite         hw-gpio.o
    0x08001260   0x08001260   0x000000ac   Code   RO         3280    i.HAL_ADCEx_Calibration_Start  stm32l4xx_hal_adc_ex.o
    0x0800130c   0x0800130c   0x000004fc   Code   RO         3041    i.HAL_ADC_ConfigChannel  stm32l4xx_hal_adc.o
    0x08001808   0x08001808   0x00000008   Code   RO         3048    i.HAL_ADC_GetValue  stm32l4xx_hal_adc.o
    0x08001810   0x08001810   0x000001f4   Code   RO         3050    i.HAL_ADC_Init      stm32l4xx_hal_adc.o
    0x08001a04   0x08001a04   0x0000004c   Code   RO          342    i.HAL_ADC_MspInit   stm32l4xx_hal_msp.o
    0x08001a50   0x08001a50   0x000000c6   Code   RO         3054    i.HAL_ADC_PollForConversion  stm32l4xx_hal_adc.o
    0x08001b16   0x08001b16   0x000000a0   Code   RO         3056    i.HAL_ADC_Start     stm32l4xx_hal_adc.o
    0x08001bb6   0x08001bb6   0x0000005c   Code   RO         2105    i.HAL_DMA_Abort_IT  stm32l4xx_hal_dma.o
    0x08001c12   0x08001c12   0x00000002   PAD
    0x08001c14   0x08001c14   0x0000010c   Code   RO         2110    i.HAL_DMA_Init      stm32l4xx_hal_dma.o
    0x08001d20   0x08001d20   0x0000001a   Code   RO         4110    i.HAL_Delay         hw.o
    0x08001d3a   0x08001d3a   0x00000002   PAD
    0x08001d3c   0x08001d3c   0x0000010c   Code   RO         1917    i.HAL_FLASHEx_Erase  stm32l4xx_hal_flash_ex.o
    0x08001e48   0x08001e48   0x00000014   Code   RO         1809    i.HAL_FLASH_Lock    stm32l4xx_hal_flash.o
    0x08001e5c   0x08001e5c   0x000000c0   Code   RO         1814    i.HAL_FLASH_Program  stm32l4xx_hal_flash.o
    0x08001f1c   0x08001f1c   0x00000030   Code   RO         1816    i.HAL_FLASH_Unlock  stm32l4xx_hal_flash.o
    0x08001f4c   0x08001f4c   0x0000000c   Code   RO         4111    i.HAL_GPIO_EXTI_Callback  hw.o
    0x08001f58   0x08001f58   0x0000001c   Code   RO         2039    i.HAL_GPIO_EXTI_IRQHandler  stm32l4xx_hal_gpio.o
    0x08001f74   0x08001f74   0x000001cc   Code   RO         2040    i.HAL_GPIO_Init     stm32l4xx_hal_gpio.o
    0x08002140   0x08002140   0x00000010   Code   RO         2042    i.HAL_GPIO_ReadPin  stm32l4xx_hal_gpio.o
    0x08002150   0x08002150   0x0000000a   Code   RO         2044    i.HAL_GPIO_WritePin  stm32l4xx_hal_gpio.o
    0x0800215a   0x0800215a   0x00000002   PAD
    0x0800215c   0x0800215c   0x0000000c   Code   RO          822    i.HAL_GetTick       stm32l4xx_hal.o
    0x08002168   0x08002168   0x00000062   Code   RO         3466    i.HAL_IWDG_Init     stm32l4xx_hal_iwdg.o
    0x080021ca   0x080021ca   0x0000000e   Code   RO         3467    i.HAL_IWDG_Refresh  stm32l4xx_hal_iwdg.o
    0x080021d8   0x080021d8   0x00000010   Code   RO          826    i.HAL_IncTick       stm32l4xx_hal.o
    0x080021e8   0x080021e8   0x00000016   Code   RO          827    i.HAL_Init          stm32l4xx_hal.o
    0x080021fe   0x080021fe   0x00000002   PAD
    0x08002200   0x08002200   0x00000028   Code   RO          828    i.HAL_InitTick      stm32l4xx_hal.o
    0x08002228   0x08002228   0x00000090   Code   RO          343    i.HAL_MspInit       stm32l4xx_hal_msp.o
    0x080022b8   0x080022b8   0x00000028   Code   RO         2521    i.HAL_NVIC_EnableIRQ  stm32l4xx_hal_cortex.o
    0x080022e0   0x080022e0   0x00000082   Code   RO         2527    i.HAL_NVIC_SetPriority  stm32l4xx_hal_cortex.o
    0x08002362   0x08002362   0x00000002   PAD
    0x08002364   0x08002364   0x00000028   Code   RO         2528    i.HAL_NVIC_SetPriorityGrouping  stm32l4xx_hal_cortex.o
    0x0800238c   0x0800238c   0x0000008c   Code   RO         2331    i.HAL_PWREx_ControlVoltageScaling  stm32l4xx_hal_pwr_ex.o
    0x08002418   0x08002418   0x0000002c   Code   RO         2350    i.HAL_PWREx_EnterSHUTDOWNMode  stm32l4xx_hal_pwr_ex.o
    0x08002444   0x08002444   0x00000010   Code   RO         2354    i.HAL_PWREx_GetVoltageRange  stm32l4xx_hal_pwr_ex.o
    0x08002454   0x08002454   0x00000014   Code   RO         2223    i.HAL_PWR_EnableBkUpAccess  stm32l4xx_hal_pwr.o
    0x08002468   0x08002468   0x00000014   Code   RO         1646    i.HAL_RCCEx_EnableMSIPLLMode  stm32l4xx_hal_rcc_ex.o
    0x0800247c   0x0800247c   0x00000388   Code   RO         1652    i.HAL_RCCEx_PeriphCLKConfig  stm32l4xx_hal_rcc_ex.o
    0x08002804   0x08002804   0x0000016c   Code   RO         1530    i.HAL_RCC_ClockConfig  stm32l4xx_hal_rcc.o
    0x08002970   0x08002970   0x0000000c   Code   RO         1534    i.HAL_RCC_GetHCLKFreq  stm32l4xx_hal_rcc.o
    0x0800297c   0x0800297c   0x0000010c   Code   RO         1538    i.HAL_RCC_GetSysClockFreq  stm32l4xx_hal_rcc.o
    0x08002a88   0x08002a88   0x00000698   Code   RO         1541    i.HAL_RCC_OscConfig  stm32l4xx_hal_rcc.o
    0x08003120   0x08003120   0x00000038   Code   RO         3496    i.HAL_RNG_DeInit    stm32l4xx_hal_rng.o
    0x08003158   0x08003158   0x00000076   Code   RO         3498    i.HAL_RNG_GenerateRandomNumber  stm32l4xx_hal_rng.o
    0x080031ce   0x080031ce   0x00000018   Code   RO         3501    i.HAL_RNG_GetRandomNumber  stm32l4xx_hal_rng.o
    0x080031e6   0x080031e6   0x00000034   Code   RO         3505    i.HAL_RNG_Init      stm32l4xx_hal_rng.o
    0x0800321a   0x0800321a   0x00000002   PAD
    0x0800321c   0x0800321c   0x0000001c   Code   RO          344    i.HAL_RNG_MspDeInit  stm32l4xx_hal_msp.o
    0x08003238   0x08003238   0x0000003c   Code   RO          345    i.HAL_RNG_MspInit   stm32l4xx_hal_msp.o
    0x08003274   0x08003274   0x00000012   Code   RO         2795    i.HAL_RTCEx_BKUPRead  stm32l4xx_hal_rtc_ex.o
    0x08003286   0x08003286   0x00000012   Code   RO         2796    i.HAL_RTCEx_BKUPWrite  stm32l4xx_hal_rtc_ex.o
    0x08003298   0x08003298   0x000000a6   Code   RO         2802    i.HAL_RTCEx_DeactivateWakeUpTimer  stm32l4xx_hal_rtc_ex.o
    0x0800333e   0x0800333e   0x00000002   PAD
    0x08003340   0x08003340   0x0000014c   Code   RO         2823    i.HAL_RTCEx_SetWakeUpTimer_IT  stm32l4xx_hal_rtc_ex.o
    0x0800348c   0x0800348c   0x00000002   Code   RO         2829    i.HAL_RTCEx_WakeUpTimerEventCallback  stm32l4xx_hal_rtc_ex.o
    0x0800348e   0x0800348e   0x00000002   PAD
    0x08003490   0x08003490   0x00000038   Code   RO         2830    i.HAL_RTCEx_WakeUpTimerIRQHandler  stm32l4xx_hal_rtc_ex.o
    0x080034c8   0x080034c8   0x000000e8   Code   RO         2664    i.HAL_RTC_Init      stm32l4xx_hal_rtc.o
    0x080035b0   0x080035b0   0x0000005c   Code   RO          347    i.HAL_RTC_MspInit   stm32l4xx_hal_msp.o
    0x0800360c   0x0800360c   0x0000003a   Code   RO         2672    i.HAL_RTC_WaitForSynchro  stm32l4xx_hal_rtc.o
    0x08003646   0x08003646   0x0000002c   Code   RO          751    i.HAL_SPIEx_FlushRxFifo  stm32l4xx_hal_spi_ex.o
    0x08003672   0x08003672   0x000000c0   Code   RO          435    i.HAL_SPI_Init      stm32l4xx_hal_spi.o
    0x08003732   0x08003732   0x00000002   PAD
    0x08003734   0x08003734   0x00000140   Code   RO          349    i.HAL_SPI_MspInit   stm32l4xx_hal_msp.o
    0x08003874   0x08003874   0x000001b8   Code   RO          443    i.HAL_SPI_Transmit  stm32l4xx_hal_spi.o
    0x08003a2c   0x08003a2c   0x0000028a   Code   RO          444    i.HAL_SPI_TransmitReceive  stm32l4xx_hal_spi.o
    0x08003cb6   0x08003cb6   0x00000028   Code   RO         2530    i.HAL_SYSTICK_CLKSourceConfig  stm32l4xx_hal_cortex.o
    0x08003cde   0x08003cde   0x00000002   PAD
    0x08003ce0   0x08003ce0   0x00000024   Code   RO          249    i.HAL_SYSTICK_Callback  stm32l4xx_it.o
    0x08003d04   0x08003d04   0x00000034   Code   RO         2532    i.HAL_SYSTICK_Config  stm32l4xx_hal_cortex.o
    0x08003d38   0x08003d38   0x00000008   Code   RO         2533    i.HAL_SYSTICK_IRQHandler  stm32l4xx_hal_cortex.o
    0x08003d40   0x08003d40   0x00000002   Code   RO         3966    i.HAL_UARTEx_WakeupCallback  stm32l4xx_hal_uart_ex.o
    0x08003d42   0x08003d42   0x00000002   Code   RO         3620    i.HAL_UART_ErrorCallback  stm32l4xx_hal_uart.o
    0x08003d44   0x08003d44   0x00000014   Code   RO         3622    i.HAL_UART_GetState  stm32l4xx_hal_uart.o
    0x08003d58   0x08003d58   0x0000018c   Code   RO         3623    i.HAL_UART_IRQHandler  stm32l4xx_hal_uart.o
    0x08003ee4   0x08003ee4   0x000000e0   Code   RO         3629    i.HAL_UART_Receive_IT  stm32l4xx_hal_uart.o
    0x08003fc4   0x08003fc4   0x00000088   Code   RO         4309    i.HAL_UART_RxCpltCallback  usart.o
    0x0800404c   0x0800404c   0x00000002   Code   RO         3635    i.HAL_UART_TxCpltCallback  stm32l4xx_hal_uart.o
    0x0800404e   0x0800404e   0x00000002   PAD
    0x08004050   0x08004050   0x00000204   Code   RO           14    i.Handle_RFSendflag  main.o
    0x08004254   0x08004254   0x000000ec   Code   RO         4527    i.Handle_WakeUpSource  rtc.o
    0x08004340   0x08004340   0x0000041c   Code   RO         5135    i.Handle_receiveStation_sx1280_frame  protocol.o
    0x0800475c   0x0800475c   0x00000004   Code   RO          250    i.HardFault_Handler  stm32l4xx_it.o
    0x08004760   0x08004760   0x00000014   Code   RO         4113    i.HwInit            hw.o
    0x08004774   0x08004774   0x00000010   Code   RO         3063    i.LL_ADC_Enable     stm32l4xx_hal_adc.o
    0x08004784   0x08004784   0x0000000a   Code   RO         3064    i.LL_ADC_GetCommonPathInternalCh  stm32l4xx_hal_adc.o
    0x0800478e   0x0800478e   0x00000012   Code   RO         3065    i.LL_ADC_GetOffsetChannel  stm32l4xx_hal_adc.o
    0x080047a0   0x080047a0   0x0000000a   Code   RO         3066    i.LL_ADC_IsInternalRegulatorEnabled  stm32l4xx_hal_adc.o
    0x080047aa   0x080047aa   0x0000000a   Code   RO         3067    i.LL_ADC_REG_IsConversionOngoing  stm32l4xx_hal_adc.o
    0x080047b4   0x080047b4   0x00000010   Code   RO         3068    i.LL_ADC_REG_StartConversion  stm32l4xx_hal_adc.o
    0x080047c4   0x080047c4   0x00000052   Code   RO         3070    i.LL_ADC_SetChannelSamplingTime  stm32l4xx_hal_adc.o
    0x08004816   0x08004816   0x0000000c   Code   RO         3071    i.LL_ADC_SetCommonPathInternalCh  stm32l4xx_hal_adc.o
    0x08004822   0x08004822   0x00000016   Code   RO         3072    i.LL_ADC_SetOffsetState  stm32l4xx_hal_adc.o
    0x08004838   0x08004838   0x00000090   Code   RO          350    i.MSP_GetIRQn       stm32l4xx_hal_msp.o
    0x080048c8   0x080048c8   0x0000007c   Code   RO         4475    i.MX_ADC1_Init      adc.o
    0x08004944   0x08004944   0x00000030   Code   RO         4597    i.MX_IWDG_Init      iwdg.o
    0x08004974   0x08004974   0x00000004   Code   RO          251    i.MemManage_Handler  stm32l4xx_it.o
    0x08004978   0x08004978   0x00000002   Code   RO          252    i.NMI_Handler       stm32l4xx_it.o
    0x0800497a   0x0800497a   0x00000002   PAD
    0x0800497c   0x0800497c   0x0000000c   Code   RO         5186    i.OnRxDone          sx1280_app.o
    0x08004988   0x08004988   0x0000000c   Code   RO         5187    i.OnRxError         sx1280_app.o
    0x08004994   0x08004994   0x0000000c   Code   RO         5188    i.OnRxTimeout       sx1280_app.o
    0x080049a0   0x080049a0   0x0000000c   Code   RO         5189    i.OnTxDone          sx1280_app.o
    0x080049ac   0x080049ac   0x0000000c   Code   RO         5190    i.OnTxTimeout       sx1280_app.o
    0x080049b8   0x080049b8   0x00000002   Code   RO          253    i.PendSV_Handler    stm32l4xx_it.o
    0x080049ba   0x080049ba   0x00000002   PAD
    0x080049bc   0x080049bc   0x00000104   Code   RO         5191    i.Process_Appstate_0  sx1280_app.o
    0x08004ac0   0x08004ac0   0x0000018c   Code   RO         1655    i.RCCEx_PLLSAI1_Config  stm32l4xx_hal_rcc_ex.o
    0x08004c4c   0x08004c4c   0x000000a0   Code   RO         1542    i.RCC_SetFlashLatencyFromMSIRange  stm32l4xx_hal_rcc.o
    0x08004cec   0x08004cec   0x00000034   Code   RO         4528    i.RTC_Config        rtc.o
    0x08004d20   0x08004d20   0x0000003e   Code   RO         2675    i.RTC_EnterInitMode  stm32l4xx_hal_rtc.o
    0x08004d5e   0x08004d5e   0x00000002   PAD
    0x08004d60   0x08004d60   0x00000010   Code   RO          254    i.RTC_WKUP_IRQHandler  stm32l4xx_it.o
    0x08004d70   0x08004d70   0x00000038   Code   RO         5136    i.RTU_CRC           protocol.o
    0x08004da8   0x08004da8   0x000000bc   Code   RO         4401    i.Read_flash_Parameter  flash.o
    0x08004e64   0x08004e64   0x00000064   Code   RO          473    i.SPI_EndRxTxTransaction  stm32l4xx_hal_spi.o
    0x08004ec8   0x08004ec8   0x000000b0   Code   RO          478    i.SPI_WaitFifoStateUntilTimeout  stm32l4xx_hal_spi.o
    0x08004f78   0x08004f78   0x000000a8   Code   RO          479    i.SPI_WaitFlagStateUntilTimeout  stm32l4xx_hal_spi.o
    0x08005020   0x08005020   0x00000002   Code   RO          255    i.SVC_Handler       stm32l4xx_it.o
    0x08005022   0x08005022   0x00000056   Code   RO         4627    i.SX1280Calibrate   sx1280.o
    0x08005078   0x08005078   0x0000001c   Code   RO         4628    i.SX1280ClearIrqStatus  sx1280.o
    0x08005094   0x08005094   0x0000001a   Code   RO         4629    i.SX1280GetFirmwareVersion  sx1280.o
    0x080050ae   0x080050ae   0x00000002   PAD
    0x080050b0   0x080050b0   0x00000124   Code   RO         4630    i.SX1280GetFrequencyError  sx1280.o
    0x080051d4   0x080051d4   0x0000001a   Code   RO         4632    i.SX1280GetIrqStatus  sx1280.o
    0x080051ee   0x080051ee   0x00000002   PAD
    0x080051f0   0x080051f0   0x00000044   Code   RO         4633    i.SX1280GetLoRaBandwidth  sx1280.o
    0x08005234   0x08005234   0x0000000c   Code   RO         4634    i.SX1280GetOpMode   sx1280.o
    0x08005240   0x08005240   0x00000308   Code   RO         4635    i.SX1280GetPacketStatus  sx1280.o
    0x08005548   0x08005548   0x0000000c   Code   RO         4636    i.SX1280GetPacketType  sx1280.o
    0x08005554   0x08005554   0x0000002a   Code   RO         4637    i.SX1280GetPayload  sx1280.o
    0x0800557e   0x0800557e   0x00000002   PAD
    0x08005580   0x08005580   0x00000144   Code   RO         4638    i.SX1280GetRangingResult  sx1280.o
    0x080056c4   0x080056c4   0x00000020   Code   RO         4639    i.SX1280GetRssiInst  sx1280.o
    0x080056e4   0x080056e4   0x00000054   Code   RO         4640    i.SX1280GetRxBufferStatus  sx1280.o
    0x08005738   0x08005738   0x0000001e   Code   RO         4641    i.SX1280GetStatus   sx1280.o
    0x08005756   0x08005756   0x00000022   Code   RO         5022    i.SX1280HalGetDioStatus  sx1280-hal.o
    0x08005778   0x08005778   0x0000000c   Code   RO         5023    i.SX1280HalInit     sx1280-hal.o
    0x08005784   0x08005784   0x00000014   Code   RO         5024    i.SX1280HalIoIrqInit  sx1280-hal.o
    0x08005798   0x08005798   0x00000070   Code   RO         5025    i.SX1280HalReadBuffer  sx1280-hal.o
    0x08005808   0x08005808   0x00000070   Code   RO         5026    i.SX1280HalReadCommand  sx1280-hal.o
    0x08005878   0x08005878   0x00000014   Code   RO         5027    i.SX1280HalReadRegister  sx1280-hal.o
    0x0800588c   0x0800588c   0x00000074   Code   RO         5028    i.SX1280HalReadRegisters  sx1280-hal.o
    0x08005900   0x08005900   0x0000002a   Code   RO         5029    i.SX1280HalReset    sx1280-hal.o
    0x0800592a   0x0800592a   0x00000016   Code   RO         5030    i.SX1280HalWaitOnBusy  sx1280-hal.o
    0x08005940   0x08005940   0x00000054   Code   RO         5031    i.SX1280HalWriteBuffer  sx1280-hal.o
    0x08005994   0x08005994   0x00000050   Code   RO         5032    i.SX1280HalWriteCommand  sx1280-hal.o
    0x080059e4   0x080059e4   0x00000010   Code   RO         5033    i.SX1280HalWriteRegister  sx1280-hal.o
    0x080059f4   0x080059f4   0x00000058   Code   RO         5034    i.SX1280HalWriteRegisters  sx1280-hal.o
    0x08005a4c   0x08005a4c   0x00000018   Code   RO         4642    i.SX1280Init        sx1280.o
    0x08005a64   0x08005a64   0x0000000c   Code   RO         4643    i.SX1280OnDioIrq    sx1280.o
    0x08005a70   0x08005a70   0x000000ac   Code   RO         4645    i.SX1280ProcessIrqs  sx1280.o
    0x08005b1c   0x08005b1c   0x00000026   Code   RO         4646    i.SX1280RangingClearFilterResult  sx1280.o
    0x08005b42   0x08005b42   0x0000001a   Code   RO         4647    i.SX1280RangingSetFilterNumSamples  sx1280.o
    0x08005b5c   0x08005b5c   0x00000016   Code   RO         4648    i.SX1280SendPayload  sx1280.o
    0x08005b72   0x08005b72   0x0000000e   Code   RO         4649    i.SX1280SetAutoFS   sx1280.o
    0x08005b80   0x08005b80   0x00000022   Code   RO         4650    i.SX1280SetAutoTx   sx1280.o
    0x08005ba2   0x08005ba2   0x00000032   Code   RO         4651    i.SX1280SetBleAccessAddress  sx1280.o
    0x08005bd4   0x08005bd4   0x00000010   Code   RO         4652    i.SX1280SetBleAdvertizerAccessAddress  sx1280.o
    0x08005be4   0x08005be4   0x0000001a   Code   RO         4653    i.SX1280SetBufferBaseAddresses  sx1280.o
    0x08005bfe   0x08005bfe   0x00000002   PAD
    0x08005c00   0x08005c00   0x00000018   Code   RO         4654    i.SX1280SetCad      sx1280.o
    0x08005c18   0x08005c18   0x00000018   Code   RO         4655    i.SX1280SetCadParams  sx1280.o
    0x08005c30   0x08005c30   0x00000032   Code   RO         4656    i.SX1280SetCrcPolynomial  sx1280.o
    0x08005c62   0x08005c62   0x00000032   Code   RO         4657    i.SX1280SetCrcSeed  sx1280.o
    0x08005c94   0x08005c94   0x00000038   Code   RO         4658    i.SX1280SetDeviceRangingAddress  sx1280.o
    0x08005ccc   0x08005ccc   0x0000004a   Code   RO         4659    i.SX1280SetDioIrqParams  sx1280.o
    0x08005d16   0x08005d16   0x00000002   PAD
    0x08005d18   0x08005d18   0x00000018   Code   RO         4660    i.SX1280SetFs       sx1280.o
    0x08005d30   0x08005d30   0x0000000c   Code   RO         4661    i.SX1280SetInterruptMode  sx1280.o
    0x08005d3c   0x08005d3c   0x0000000e   Code   RO         4662    i.SX1280SetLongPreamble  sx1280.o
    0x08005d4a   0x08005d4a   0x00000002   PAD
    0x08005d4c   0x08005d4c   0x000000b0   Code   RO         4663    i.SX1280SetModulationParams  sx1280.o
    0x08005dfc   0x08005dfc   0x00000110   Code   RO         4664    i.SX1280SetPacketParams  sx1280.o
    0x08005f0c   0x08005f0c   0x0000001c   Code   RO         4665    i.SX1280SetPacketType  sx1280.o
    0x08005f28   0x08005f28   0x00000012   Code   RO         4666    i.SX1280SetPayload  sx1280.o
    0x08005f3a   0x08005f3a   0x00000002   PAD
    0x08005f3c   0x08005f3c   0x0000000c   Code   RO         4667    i.SX1280SetPollingMode  sx1280.o
    0x08005f48   0x08005f48   0x00000028   Code   RO         4668    i.SX1280SetRangingCalibration  sx1280.o
    0x08005f70   0x08005f70   0x00000030   Code   RO         4669    i.SX1280SetRangingIdLength  sx1280.o
    0x08005fa0   0x08005fa0   0x00000038   Code   RO         4670    i.SX1280SetRangingRequestAddress  sx1280.o
    0x08005fd8   0x08005fd8   0x00000012   Code   RO         4671    i.SX1280SetRangingRole  sx1280.o
    0x08005fea   0x08005fea   0x00000002   PAD
    0x08005fec   0x08005fec   0x00000028   Code   RO         4672    i.SX1280SetRegistersDefault  sx1280.o
    0x08006014   0x08006014   0x0000000e   Code   RO         4673    i.SX1280SetRegulatorMode  sx1280.o
    0x08006022   0x08006022   0x00000002   PAD
    0x08006024   0x08006024   0x0000008c   Code   RO         4674    i.SX1280SetRfFrequency  sx1280.o
    0x080060b0   0x080060b0   0x0000004c   Code   RO         4675    i.SX1280SetRx       sx1280.o
    0x080060fc   0x080060fc   0x0000003c   Code   RO         4676    i.SX1280SetRxDutyCycle  sx1280.o
    0x08006138   0x08006138   0x0000000e   Code   RO         4677    i.SX1280SetSaveContext  sx1280.o
    0x08006146   0x08006146   0x00000002   PAD
    0x08006148   0x08006148   0x00000048   Code   RO         4678    i.SX1280SetSleep    sx1280.o
    0x08006190   0x08006190   0x00000028   Code   RO         4679    i.SX1280SetStandby  sx1280.o
    0x080061b8   0x080061b8   0x00000098   Code   RO         4680    i.SX1280SetSyncWord  sx1280.o
    0x08006250   0x08006250   0x00000024   Code   RO         4681    i.SX1280SetSyncWordErrorTolerance  sx1280.o
    0x08006274   0x08006274   0x0000004c   Code   RO         4682    i.SX1280SetTx       sx1280.o
    0x080062c0   0x080062c0   0x0000000e   Code   RO         4683    i.SX1280SetTxContinuousPreamble  sx1280.o
    0x080062ce   0x080062ce   0x0000000e   Code   RO         4684    i.SX1280SetTxContinuousWave  sx1280.o
    0x080062dc   0x080062dc   0x00000020   Code   RO         4685    i.SX1280SetTxParams  sx1280.o
    0x080062fc   0x080062fc   0x0000002a   Code   RO         4686    i.SX1280SetWhiteningSeed  sx1280.o
    0x08006326   0x08006326   0x00000002   PAD
    0x08006328   0x08006328   0x0000004c   Code   RO         5193    i.SX1280_Enter_LowPower  sx1280_app.o
    0x08006374   0x08006374   0x000000a4   Code   RO         5195    i.SX1280_Init       sx1280_app.o
    0x08006418   0x08006418   0x00000044   Code   RO         5196    i.SX1280_SendData   sx1280_app.o
    0x0800645c   0x0800645c   0x0000001a   Code   RO         4687    i.SX1280complement2  sx1280.o
    0x08006476   0x08006476   0x00000002   PAD
    0x08006478   0x08006478   0x00000252   Code   RO         5137    i.SendtoStation_sx1280_frame  protocol.o
    0x080066ca   0x080066ca   0x00000002   PAD
    0x080066cc   0x080066cc   0x0000001c   Code   RO         4251    i.SpiIn             hw-spi.o
    0x080066e8   0x080066e8   0x00000028   Code   RO         4252    i.SpiInOut          hw-spi.o
    0x08006710   0x08006710   0x00000050   Code   RO         4253    i.SpiInit           hw-spi.o
    0x08006760   0x08006760   0x0000000c   Code   RO          256    i.SysTick_Handler   stm32l4xx_it.o
    0x0800676c   0x0800676c   0x000000aa   Code   RO         4116    i.SystemClock_Config_24M  hw.o
    0x08006816   0x08006816   0x00000002   PAD
    0x08006818   0x08006818   0x00000050   Code   RO         4031    i.SystemInit        system_stm32l4xx.o
    0x08006868   0x08006868   0x00000018   Code   RO         3639    i.UART_DMAAbortOnError  stm32l4xx_hal_uart.o
    0x08006880   0x08006880   0x00000024   Code   RO         3649    i.UART_EndRxTransfer  stm32l4xx_hal_uart.o
    0x080068a4   0x080068a4   0x00000022   Code   RO         3650    i.UART_EndTransmit_IT  stm32l4xx_hal_uart.o
    0x080068c6   0x080068c6   0x0000006c   Code   RO         3652    i.UART_RxISR_16BIT  stm32l4xx_hal_uart.o
    0x08006932   0x08006932   0x00000066   Code   RO         3653    i.UART_RxISR_8BIT   stm32l4xx_hal_uart.o
    0x08006998   0x08006998   0x00000040   Code   RO         4312    i.USART1_IRQHandler  usart.o
    0x080069d8   0x080069d8   0x00000004   Code   RO          257    i.UsageFault_Handler  stm32l4xx_it.o
    0x080069dc   0x080069dc   0x00000084   Code   RO         4402    i.Write_flash_Parameter  flash.o
    0x08006a60   0x08006a60   0x00000030   Code   RO         5354    i.__ARM_fpclassify  m_wm.l(fpclassify.o)
    0x08006a90   0x08006a90   0x00000010   Code   RO         2534    i.__NVIC_GetPriorityGrouping  stm32l4xx_hal_cortex.o
    0x08006aa0   0x08006aa0   0x00000028   Code   RO         2535    i.__NVIC_SetPriority  stm32l4xx_hal_cortex.o
    0x08006ac8   0x08006ac8   0x00000c80   Code   RO         5289    i.__hardfp_pow      m_wm.l(pow.o)
    0x08007748   0x08007748   0x000000f8   Code   RO         5356    i.__kernel_poly     m_wm.l(poly.o)
    0x08007840   0x08007840   0x00000030   Code   RO         5334    i.__mathlib_dbl_divzero  m_wm.l(dunder.o)
    0x08007870   0x08007870   0x00000014   Code   RO         5336    i.__mathlib_dbl_infnan2  m_wm.l(dunder.o)
    0x08007884   0x08007884   0x00000004   PAD
    0x08007888   0x08007888   0x00000020   Code   RO         5337    i.__mathlib_dbl_invalid  m_wm.l(dunder.o)
    0x080078a8   0x080078a8   0x00000020   Code   RO         5338    i.__mathlib_dbl_overflow  m_wm.l(dunder.o)
    0x080078c8   0x080078c8   0x00000020   Code   RO         5340    i.__mathlib_dbl_underflow  m_wm.l(dunder.o)
    0x080078e8   0x080078e8   0x0000000e   Code   RO         5432    i.__scatterload_copy  mc_w.l(handlers.o)
    0x080078f6   0x080078f6   0x00000002   Code   RO         5433    i.__scatterload_null  mc_w.l(handlers.o)
    0x080078f8   0x080078f8   0x0000000e   Code   RO         5434    i.__scatterload_zeroinit  mc_w.l(handlers.o)
    0x08007906   0x08007906   0x00000002   PAD
    0x08007908   0x08007908   0x0000000c   Code   RO         5395    i.__set_errno       mc_w.l(errno.o)
    0x08007914   0x08007914   0x00000018   Code   RO         5350    i.fabs              m_wm.l(fabs.o)
    0x0800792c   0x0800792c   0x0000008c   Code   RO           15    i.main              main.o
    0x080079b8   0x080079b8   0x0000006e   Code   RO         5361    i.sqrt              m_wm.l(sqrt.o)
    0x08007a26   0x08007a26   0x00000002   PAD
    0x08007a28   0x08007a28   0x00000048   Data   RO         4032    .constdata          system_stm32l4xx.o
    0x08007a70   0x08007a70   0x00000004   Data   RO         4688    .constdata          sx1280.o
    0x08007a74   0x08007a74   0x00000104   Data   RO         5036    .constdata          sx1280-hal.o
    0x08007b78   0x08007b78   0x00000278   Data   RO         5138    .constdata          protocol.o
    0x08007df0   0x08007df0   0x00000088   Data   RO         5292    .constdata          m_wm.l(pow.o)
    0x08007e78   0x08007e78   0x00000008   Data   RO         5358    .constdata          m_wm.l(qnan.o)
    0x08007e80   0x08007e80   0x00000020   Data   RO         5430    Region$$Table       anon$$obj.o


    Execution Region RW_IRAM1 (Exec base: 0x20000000, Load base: 0x08007ea0, Size: 0x00002a10, Max: 0x00010000, ABSOLUTE)

    Exec Addr    Load Addr    Size         Type   Attr      Idx    E Section Name        Object

    0x20000000   0x08007ea0   0x00000048   Data   RW           17    .data               main.o
    0x20000048   0x08007ee8   0x00000004   Data   RW          843    .data               stm32l4xx_hal.o
    0x2000004c   0x08007eec   0x00000020   Data   RW         1817    .data               stm32l4xx_hal_flash.o
    0x2000006c   0x08007f0c   0x00000004   Data   RW         4033    .data               system_stm32l4xx.o
    0x20000070   0x08007f10   0x00000007   Data   RW         4317    .data               usart.o
    0x20000077   0x08007f17   0x00000001   PAD
    0x20000078   0x08007f18   0x0000000f   Data   RW         4477    .data               adc.o
    0x20000087   0x08007f27   0x00000001   PAD
    0x20000088   0x08007f28   0x00000008   Data   RW         4530    .data               rtc.o
    0x20000090   0x08007f30   0x00000014   Data   RW         4689    .data               sx1280.o
    0x200000a4   0x08007f44   0x0000001d   Data   RW         5139    .data               protocol.o
    0x200000c1   0x08007f61   0x00000003   PAD
    0x200000c4   0x08007f64   0x00000054   Data   RW         5199    .data               sx1280_app.o
    0x20000118   0x08007fb8   0x00000004   Data   RW         5396    .data               mc_w.l(errno.o)
    0x2000011c        -       0x00000068   Zero   RW           16    .bss                main.o
    0x20000184        -       0x00000090   Zero   RW          351    .bss                stm32l4xx_hal_msp.o
    0x20000214        -       0x00000040   Zero   RW         4193    .bss                hw-gpio.o
    0x20000254        -       0x00000064   Zero   RW         4254    .bss                hw-spi.o
    0x200002b8        -       0x0000026c   Zero   RW         4316    .bss                usart.o
    0x20000524        -       0x00000068   Zero   RW         4476    .bss                adc.o
    0x2000058c        -       0x00000024   Zero   RW         4529    .bss                rtc.o
    0x200005b0        -       0x00000010   Zero   RW         4570    .bss                random.o
    0x200005c0        -       0x00000010   Zero   RW         4598    .bss                iwdg.o
    0x200005d0        -       0x00001ffe   Zero   RW         5035    .bss                sx1280-hal.o
    0x200025ce        -       0x0000003c   Zero   RW         5197    .bss                sx1280_app.o
    0x2000260a   0x08007fbc   0x00000006   PAD
    0x20002610        -       0x00000400   Zero   RW            1    STACK               startup_stm32l431xx.o


==============================================================================

Image component sizes


      Code (inc. data)   RO Data    RW Data    ZI Data      Debug   Object Name

       732         94          0         15        104       3755   adc.o
       616         68          0          0          0       6282   flash.o
       416         22          0          0         64       4902   hw-gpio.o
       148         22          0          0        100       2649   hw-spi.o
       264          4          0          0          0       3083   hw.o
        48         10          0          0         16        827   iwdg.o
       796        134          0         72        104     735194   main.o
      1702         62        632         29          0       6841   protocol.o
       268         32          0          0         16        977   random.o
       288         40          0          8         36       1585   rtc.o
        36          8        396          0       1024        900   startup_stm32l431xx.o
        90         14          0          4          0       3911   stm32l4xx_hal.o
      2694        104          0          0          0      63889   stm32l4xx_hal_adc.o
       172          0          0          0          0       1610   stm32l4xx_hal_adc_ex.o
       366         22          0          0          0      36246   stm32l4xx_hal_cortex.o
       360         10          0          0          0       2026   stm32l4xx_hal_dma.o
       488         48          0         32          0       5390   stm32l4xx_hal_flash.o
       452         26          0          0          0       3503   stm32l4xx_hal_flash_ex.o
       514         32          0          0          0       4006   stm32l4xx_hal_gpio.o
       112          0          0          0          0       1959   stm32l4xx_hal_iwdg.o
       864         46          0          0        144       5700   stm32l4xx_hal_msp.o
        20          6          0          0          0        611   stm32l4xx_hal_pwr.o
       200         28          0          0          0       2120   stm32l4xx_hal_pwr_ex.o
      2492         76          0          0          0       6214   stm32l4xx_hal_rcc.o
      1320         32          0          0          0       3673   stm32l4xx_hal_rcc_ex.o
       250          0          0          0          0       3637   stm32l4xx_hal_rng.o
       352          4          0          0          0       2868   stm32l4xx_hal_rtc.o
       592          8          0          0          0       5810   stm32l4xx_hal_rtc_ex.o
      1726          0          0          0          0       7144   stm32l4xx_hal_spi.o
        44          0          0          0          0       1268   stm32l4xx_hal_spi_ex.o
       948         14          0          0          0       8379   stm32l4xx_hal_uart.o
         2          0          0          0          0       1088   stm32l4xx_hal_uart_ex.o
        98         14          0          0          0       6366   stm32l4xx_it.o
       758         42        260          0       8190      13124   sx1280-hal.o
      4116        218          4         20          0      52305   sx1280.o
       628         76          0         84         60       7255   sx1280_app.o
        80         12         72          4          0       1461   system_stm32l4xx.o
       200         24          0          7        620       2531   usart.o

    ----------------------------------------------------------------------
     25312       1352       1396        280      10484    1021089   Object Totals
         0          0         32          0          0          0   (incl. Generated)
        60          0          0          5          6          0   (incl. Padding)

    ----------------------------------------------------------------------

      Code (inc. data)   RO Data    RW Data    ZI Data      Debug   Library Member Name

       164         44          0          0          0        620   dunder.o
        24          0          0          0          0        124   fabs.o
        48          0          0          0          0        124   fpclassify.o
       248          0          0          0          0        152   poly.o
      3200        296        136          0          0        352   pow.o
         0          0          8          0          0          0   qnan.o
       110          0          0          0          0        148   sqrt.o
         0          0          0          0          0          0   entry.o
         0          0          0          0          0          0   entry10a.o
         0          0          0          0          0          0   entry11a.o
         4          0          0          0          0          0   entry12b.o
         8          4          0          0          0          0   entry2.o
         4          0          0          0          0          0   entry5.o
         0          0          0          0          0          0   entry7b.o
         0          0          0          0          0          0   entry8b.o
         8          4          0          0          0          0   entry9a.o
        12          6          0          4          0         68   errno.o
        30          0          0          0          0          0   handlers.o
        36          8          0          0          0         68   init.o
         0          0          0          0          0          0   iusefp.o
        30          0          0          0          0         68   llshl.o
        36          0          0          0          0         68   llsshr.o
        32          0          0          0          0         68   llushr.o
        36          0          0          0          0         68   memcpya.o
        48          0          0          0          0         68   cdrcmple.o
        56          0          0          0          0         88   d2f.o
       350          0          0          0          0        148   dadd.o
       222          0          0          0          0        100   ddiv.o
       186          0          0          0          0        176   depilogue.o
        50          0          0          0          0         76   dfixui.o
        34          0          0          0          0         76   dflti.o
        26          0          0          0          0         76   dfltui.o
       234          0          0          0          0         96   dmul.o
        46          0          0          0          0         80   dscalb.o
       162          0          0          0          0        100   dsqrt.o
       110          0          0          0          0        168   fepilogue.o

    ----------------------------------------------------------------------
      5564        362        144          4          0       3180   Library Totals
        10          0          0          0          0          0   (incl. Padding)

    ----------------------------------------------------------------------

      Code (inc. data)   RO Data    RW Data    ZI Data      Debug   Library Name

      3794        340        144          0          0       1520   m_wm.l
       236         22          0          4          0        408   mc_w.l
      1524          0          0          0          0       1252   mf_w.l

    ----------------------------------------------------------------------
      5564        362        144          4          0       3180   Library Totals

    ----------------------------------------------------------------------

==============================================================================


      Code (inc. data)   RO Data    RW Data    ZI Data      Debug   

     30876       1714       1540        284      10484    1000341   Grand Totals
     30876       1714       1540        284      10484    1000341   ELF Image Totals
     30876       1714       1540        284          0          0   ROM Totals

==============================================================================

    Total RO  Size (Code + RO Data)                32416 (  31.66kB)
    Total RW  Size (RW Data + ZI Data)             10768 (  10.52kB)
    Total ROM Size (Code + RO Data + RW Data)      32700 (  31.93kB)

==============================================================================

